This is pdfTeX, Version 3.141592653-2.6-1.40.24 (TeX Live 2022) (preloaded format=pdflatex 2022.5.14)  10 JAN 2024 09:54
entering extended mode
 restricted \write18 enabled.
 file:line:error style messages enabled.
 %&-line parsing enabled.
**"g:/My Drive/PS book/book.tex"
(g:/My Drive/PS book/book.tex
LaTeX2e <2021-11-15> patch level 1
L3 programming layer <2022-05-04> (d:/texlive/2022/texmf-dist/tex/latex/base/book.cls
Document Class: book 2021/10/04 v1.4n Standard LaTeX document class
(d:/texlive/2022/texmf-dist/tex/latex/base/bk10.clo
File: bk10.clo 2021/10/04 v1.4n Standard LaTeX file (size option)
)
\c@part=\count185
\c@chapter=\count186
\c@section=\count187
\c@subsection=\count188
\c@subsubsection=\count189
\c@paragraph=\count190
\c@subparagraph=\count191
\c@figure=\count192
\c@table=\count193
\abovecaptionskip=\skip47
\belowcaptionskip=\skip48
\bibindent=\dimen138
) (d:/texlive/2022/texmf-dist/tex/latex/base/inputenc.sty
Package: inputenc 2021/02/14 v1.3d Input encoding file
\inpenc@prehook=\toks16
\inpenc@posthook=\toks17
) (d:/texlive/2022/texmf-dist/tex/latex/cjk-ko/kotex.sty
Package: kotex 2015/04/19 v1.6 Korean TeX (ko.TeX)
 (d:/texlive/2022/texmf-dist/tex/latex/kotex-utf/kotex.cfg) (d:/texlive/2022/texmf-dist/tex/latex/kotex-utf/kotexutf.sty
Package: kotexutf 2015/07/18 v2.1.1 typesetting UTF-8 Korean documents
 (d:/texlive/2022/texmf-dist/tex/plain/kotex-plain/kotexutf-core.tex
\unih@ngulpoint=\count194
\dhucs@emph@raise=\dimen139
)
Now handling font encoding LUC ...
... processing UTF-8 mapping file for font encoding LUC
 (d:/texlive/2022/texmf-dist/tex/latex/kotex-utf/lucenc.dfu
File: lucenc.dfu 2007/09/05 UTF-8 support for dhucs
   defining Unicode char U+00B7 (decimal 183)
   defining Unicode char U+2018 (decimal 8216)
   defining Unicode char U+2019 (decimal 8217)
   defining Unicode char U+201C (decimal 8220)
   defining Unicode char U+201D (decimal 8221)
   defining Unicode char U+3001 (decimal 12289)
   defining Unicode char U+3002 (decimal 12290)
   defining Unicode char U+3008 (decimal 12296)
   defining Unicode char U+3009 (decimal 12297)
   defining Unicode char U+300A (decimal 12298)
   defining Unicode char U+300B (decimal 12299)
   defining Unicode char U+300C (decimal 12300)
   defining Unicode char U+300D (decimal 12301)
   defining Unicode char U+300E (decimal 12302)
   defining Unicode char U+300F (decimal 12303)
   defining Unicode char U+3010 (decimal 12304)
   defining Unicode char U+3011 (decimal 12305)
   defining Unicode char U+3014 (decimal 12308)
   defining Unicode char U+3015 (decimal 12309)
   defining Unicode char U+3016 (decimal 12310)
   defining Unicode char U+3017 (decimal 12311)
   defining Unicode char U+3018 (decimal 12312)
   defining Unicode char U+3019 (decimal 12313)
   defining Unicode char U+301A (decimal 12314)
   defining Unicode char U+301B (decimal 12315)
   defining Unicode char U+FF01 (decimal 65281)
   defining Unicode char U+FF08 (decimal 65288)
   defining Unicode char U+FF09 (decimal 65289)
   defining Unicode char U+FF0C (decimal 65292)
   defining Unicode char U+FF0E (decimal 65294)
   defining Unicode char U+FF1A (decimal 65306)
   defining Unicode char U+FF1B (decimal 65307)
   defining Unicode char U+FF1C (decimal 65308)
   defining Unicode char U+FF1D (decimal 65309)
   defining Unicode char U+FF1E (decimal 65310)
   defining Unicode char U+FF1F (decimal 65311)
   defining Unicode char U+FF3B (decimal 65339)
   defining Unicode char U+FF3D (decimal 65341)
   defining Unicode char U+FF5B (decimal 65371)
   defining Unicode char U+FF5D (decimal 65373)
   defining Unicode char U+FF61 (decimal 65377)
   defining Unicode char U+FF62 (decimal 65378)
   defining Unicode char U+FF63 (decimal 65379)
   defining Unicode char U+FF64 (decimal 65380)
   defining Unicode char U+FF65 (decimal 65381)
)
\@josa=\count195
\josatoks=\toks18
 (d:/texlive/2022/texmf-dist/tex/latex/cjk-ko/kolabels-utf.sty
Package: kolabels-utf 2015/03/20 v1.5 UTF-8 Hangul item labels
))) (./ptmt.sty (d:/texlive/2022/texmf-dist/tex/latex/amsfonts/amsfonts.sty
Package: amsfonts 2013/01/14 v3.01 Basic AMSFonts support
\@emptytoks=\toks19
\symAMSa=\mathgroup4
\symAMSb=\mathgroup5
LaTeX Font Info:    Redeclaring math symbol \hbar on input line 98.
LaTeX Font Info:    Overwriting math alphabet `\mathfrak' in version `bold'
(Font)                  U/euf/m/n --> U/euf/b/n on input line 106.
) (d:/texlive/2022/texmf-dist/tex/latex/amsmath/amsmath.sty
Package: amsmath 2021/10/15 v2.17l AMS math features
\@mathmargin=\skip49

For additional information on amsmath, use the `?' option.
(d:/texlive/2022/texmf-dist/tex/latex/amsmath/amstext.sty
Package: amstext 2021/08/26 v2.01 AMS text
 (d:/texlive/2022/texmf-dist/tex/latex/amsmath/amsgen.sty
File: amsgen.sty 1999/11/30 v2.0 generic functions
\@emptytoks=\toks20
\ex@=\dimen140
)) (d:/texlive/2022/texmf-dist/tex/latex/amsmath/amsbsy.sty
Package: amsbsy 1999/11/29 v1.2d Bold Symbols
\pmbraise@=\dimen141
) (d:/texlive/2022/texmf-dist/tex/latex/amsmath/amsopn.sty
Package: amsopn 2021/08/26 v2.02 operator names
)
\inf@bad=\count196
LaTeX Info: Redefining \frac on input line 234.
\uproot@=\count197
\leftroot@=\count198
LaTeX Info: Redefining \overline on input line 399.
\classnum@=\count199
\DOTSCASE@=\count266
LaTeX Info: Redefining \ldots on input line 496.
LaTeX Info: Redefining \dots on input line 499.
LaTeX Info: Redefining \cdots on input line 620.
\Mathstrutbox@=\box50
\strutbox@=\box51
\big@size=\dimen142
LaTeX Font Info:    Redeclaring font encoding OML on input line 743.
LaTeX Font Info:    Redeclaring font encoding OMS on input line 744.
\macc@depth=\count267
\c@MaxMatrixCols=\count268
\dotsspace@=\muskip16
\c@parentequation=\count269
\dspbrk@lvl=\count270
\tag@help=\toks21
\row@=\count271
\column@=\count272
\maxfields@=\count273
\andhelp@=\toks22
\eqnshift@=\dimen143
\alignsep@=\dimen144
\tagshift@=\dimen145
\tagwidth@=\dimen146
\totwidth@=\dimen147
\lineht@=\dimen148
\@envbody=\toks23
\multlinegap=\skip50
\multlinetaggap=\skip51
\mathdisplay@stack=\toks24
LaTeX Info: Redefining \[ on input line 2938.
LaTeX Info: Redefining \] on input line 2939.
) (d:/texlive/2022/texmf-dist/tex/latex/amsfonts/amssymb.sty
Package: amssymb 2013/01/14 v3.01 AMS font symbols
) (d:/texlive/2022/texmf-dist/tex/latex/amscls/amsthm.sty
Package: amsthm 2020/05/29 v2.20.6
\thm@style=\toks25
\thm@bodyfont=\toks26
\thm@headfont=\toks27
\thm@notefont=\toks28
\thm@headpunct=\toks29
\thm@preskip=\skip52
\thm@postskip=\skip53
\thm@headsep=\skip54
\dth@everypar=\toks30
) (d:/texlive/2022/texmf-dist/tex/latex/lm/lmodern.sty
Package: lmodern 2015/05/01 v1.6.1 Latin Modern Fonts
LaTeX Font Info:    Overwriting symbol font `operators' in version `normal'
(Font)                  OT1/cmr/m/n --> OT1/lmr/m/n on input line 22.
LaTeX Font Info:    Overwriting symbol font `letters' in version `normal'
(Font)                  OML/cmm/m/it --> OML/lmm/m/it on input line 23.
LaTeX Font Info:    Overwriting symbol font `symbols' in version `normal'
(Font)                  OMS/cmsy/m/n --> OMS/lmsy/m/n on input line 24.
LaTeX Font Info:    Overwriting symbol font `largesymbols' in version `normal'
(Font)                  OMX/cmex/m/n --> OMX/lmex/m/n on input line 25.
LaTeX Font Info:    Overwriting symbol font `operators' in version `bold'
(Font)                  OT1/cmr/bx/n --> OT1/lmr/bx/n on input line 26.
LaTeX Font Info:    Overwriting symbol font `letters' in version `bold'
(Font)                  OML/cmm/b/it --> OML/lmm/b/it on input line 27.
LaTeX Font Info:    Overwriting symbol font `symbols' in version `bold'
(Font)                  OMS/cmsy/b/n --> OMS/lmsy/b/n on input line 28.
LaTeX Font Info:    Overwriting symbol font `largesymbols' in version `bold'
(Font)                  OMX/cmex/m/n --> OMX/lmex/m/n on input line 29.
LaTeX Font Info:    Overwriting math alphabet `\mathbf' in version `normal'
(Font)                  OT1/cmr/bx/n --> OT1/lmr/bx/n on input line 31.
LaTeX Font Info:    Overwriting math alphabet `\mathsf' in version `normal'
(Font)                  OT1/cmss/m/n --> OT1/lmss/m/n on input line 32.
LaTeX Font Info:    Overwriting math alphabet `\mathit' in version `normal'
(Font)                  OT1/cmr/m/it --> OT1/lmr/m/it on input line 33.
LaTeX Font Info:    Overwriting math alphabet `\mathtt' in version `normal'
(Font)                  OT1/cmtt/m/n --> OT1/lmtt/m/n on input line 34.
LaTeX Font Info:    Overwriting math alphabet `\mathbf' in version `bold'
(Font)                  OT1/cmr/bx/n --> OT1/lmr/bx/n on input line 35.
LaTeX Font Info:    Overwriting math alphabet `\mathsf' in version `bold'
(Font)                  OT1/cmss/bx/n --> OT1/lmss/bx/n on input line 36.
LaTeX Font Info:    Overwriting math alphabet `\mathit' in version `bold'
(Font)                  OT1/cmr/bx/it --> OT1/lmr/bx/it on input line 37.
LaTeX Font Info:    Overwriting math alphabet `\mathtt' in version `bold'
(Font)                  OT1/cmtt/m/n --> OT1/lmtt/m/n on input line 38.
) (d:/texlive/2022/texmf-dist/tex/latex/courierten/courierten.sty
Package: courierten 2020/06/05 (autoinst) Style file for Courier 10 Pitch BT.
 (d:/texlive/2022/texmf-dist/tex/latex/base/fontenc.sty
Package: fontenc 2021/04/29 v2.0v Standard LaTeX package
LaTeX Font Info:    Trying to load font information for OT1+lmr on input line 112.
 (d:/texlive/2022/texmf-dist/tex/latex/lm/ot1lmr.fd
File: ot1lmr.fd 2015/05/01 v1.6.1 Font defs for Latin Modern
)) (d:/texlive/2022/texmf-dist/tex/latex/base/textcomp.sty
Package: textcomp 2020/02/02 v2.0n Standard LaTeX package
) (d:/texlive/2022/texmf-dist/tex/latex/base/ifthen.sty
Package: ifthen 2020/11/24 v1.1c Standard LaTeX ifthen package (DPC)
) (d:/texlive/2022/texmf-dist/tex/latex/fontaxes/fontaxes.sty
Package: fontaxes 2020/07/21 v1.0e Font selection axes
LaTeX Info: Redefining \upshape on input line 29.
LaTeX Info: Redefining \itshape on input line 31.
LaTeX Info: Redefining \slshape on input line 33.
LaTeX Info: Redefining \swshape on input line 35.
LaTeX Info: Redefining \scshape on input line 37.
LaTeX Info: Redefining \sscshape on input line 39.
LaTeX Info: Redefining \ulcshape on input line 41.
LaTeX Info: Redefining \textsw on input line 47.
LaTeX Info: Redefining \textssc on input line 48.
LaTeX Info: Redefining \textulc on input line 49.
) (d:/texlive/2022/texmf-dist/tex/latex/xkeyval/xkeyval.sty
Package: xkeyval 2020/11/20 v2.8 package option processing (HA)
 (d:/texlive/2022/texmf-dist/tex/generic/xkeyval/xkeyval.tex (d:/texlive/2022/texmf-dist/tex/generic/xkeyval/xkvutils.tex
\XKV@toks=\toks31
\XKV@tempa@toks=\toks32
 (d:/texlive/2022/texmf-dist/tex/generic/xkeyval/keyval.tex))
\XKV@depth=\count274
File: xkeyval.tex 2014/12/03 v2.7a key=value parser (HA)
))) (d:/texlive/2022/texmf-dist/tex/latex/libertine/biolinum.sty
Package: biolinum 2020/03/26 (Bob Tennent) Supports Biolinum fonts for all LaTeX engines.
 (d:/texlive/2022/texmf-dist/tex/generic/iftex/ifxetex.sty
Package: ifxetex 2019/10/25 v0.7 ifxetex legacy package. Use iftex instead.
 (d:/texlive/2022/texmf-dist/tex/generic/iftex/iftex.sty
Package: iftex 2022/02/03 v1.0f TeX engine tests
)) (d:/texlive/2022/texmf-dist/tex/generic/iftex/ifluatex.sty
Package: ifluatex 2019/10/25 v1.5 ifluatex legacy package. Use iftex instead.
) (d:/texlive/2022/texmf-dist/tex/latex/base/fontenc.sty
Package: fontenc 2021/04/29 v2.0v Standard LaTeX package
)) (d:/texlive/2022/texmf-dist/tex/latex/mathalpha/mathalpha.sty
Package: mathalpha 2021/11/18 - 1.143mathalpha (License LPPL) Michael Sharpe
 `mathalpha' v1.143, 2021/11/18, a renaming of mathalfa (msharpe)
LaTeX Font Info:    Redeclaring math alphabet \mathcal on input line 554.
LaTeX Font Info:    Overwriting math alphabet `\mathcal' in version `bold'
(Font)                  U/BOONDOX-calo/m/n --> U/BOONDOX-calo/b/n on input line 556.
) (d:/texlive/2022/texmf-dist/tex/latex/geometry/geometry.sty
Package: geometry 2020/01/02 v5.9 Page Geometry
 (d:/texlive/2022/texmf-dist/tex/generic/iftex/ifvtex.sty
Package: ifvtex 2019/10/25 v1.7 ifvtex legacy package. Use iftex instead.
)
\Gm@cnth=\count275
\Gm@cntv=\count276
\c@Gm@tempcnt=\count277
\Gm@bindingoffset=\dimen149
\Gm@wd@mp=\dimen150
\Gm@odd@mp=\dimen151
\Gm@even@mp=\dimen152
\Gm@layoutwidth=\dimen153
\Gm@layoutheight=\dimen154
\Gm@layouthoffset=\dimen155
\Gm@layoutvoffset=\dimen156
\Gm@dimlist=\toks33
) (d:/texlive/2022/texmf-dist/tex/latex/algorithm2e/algorithm2e.sty
Package: algorithm2e 2017/07/18 v5.2 algorithms environments
\c@AlgoLine=\count278
\algocf@hangindent=\skip55
 (d:/texlive/2022/texmf-dist/tex/latex/ifoddpage/ifoddpage.sty
Package: ifoddpage 2016/04/23 v1.1 Conditionals for odd/even page detection
\c@checkoddpage=\count279
) (d:/texlive/2022/texmf-dist/tex/latex/tools/xspace.sty
Package: xspace 2014/10/28 v1.13 Space after command names (DPC,MH)
) (d:/texlive/2022/texmf-dist/tex/latex/relsize/relsize.sty
Package: relsize 2013/03/29 ver 4.1
)
\skiptotal=\skip56
\skiplinenumber=\skip57
\skiprule=\skip58
\skiphlne=\skip59
\skiptext=\skip60
\skiplength=\skip61
\algomargin=\skip62
\skipalgocfslide=\skip63
\algowidth=\dimen157
\inoutsize=\dimen158
\inoutindent=\dimen159
\interspacetitleruled=\dimen160
\interspacealgoruled=\dimen161
\interspacetitleboxruled=\dimen162
\algocf@ruledwidth=\skip64
\algocf@inoutbox=\box52
\algocf@inputbox=\box53
\AlCapSkip=\skip65
\AlCapHSkip=\skip66
\algoskipindent=\skip67
\algocf@nlbox=\box54
\algocf@hangingbox=\box55
\algocf@untilbox=\box56
\algocf@skipuntil=\skip68
\algocf@capbox=\box57
\algocf@lcaptionbox=\skip69
\algoheightruledefault=\skip70
\algoheightrule=\skip71
\algotitleheightruledefault=\skip72
\algotitleheightrule=\skip73
\c@algocfline=\count280
\c@algocfproc=\count281
\c@algocf=\count282
\algocf@algoframe=\box58
\algocf@algobox=\box59
) (d:/texlive/2022/texmf-dist/tex/generic/babel/babel.sty
Package: babel 2022/04/30 3.74 The Babel package
\babel@savecnt=\count283
\U@D=\dimen163
\l@unhyphenated=\language87
 (d:/texlive/2022/texmf-dist/tex/generic/babel/txtbabel.def)
\bbl@readstream=\read2
\bbl@dirlevel=\count284
 (d:/texlive/2022/texmf-dist/tex/generic/babel-english/british.ldf
Language: british 2017/06/06 v3.3r English support from the babel system
 (d:/texlive/2022/texmf-dist/tex/generic/babel-english/english.ldf
Language: english 2017/06/06 v3.3r English support from the babel system
Package babel Info: Hyphen rules for 'canadian' set to \l@english
(babel)             (\language0). Reported on input line 102.
Package babel Info: Hyphen rules for 'australian' set to \l@ukenglish
(babel)             (\language21). Reported on input line 105.
Package babel Info: Hyphen rules for 'newzealand' set to \l@ukenglish
(babel)             (\language21). Reported on input line 108.
))) (d:/texlive/2022/texmf-dist/tex/latex/booktabs/booktabs.sty
Package: booktabs 2020/01/12 v1.61803398 Publication quality tables
\heavyrulewidth=\dimen164
\lightrulewidth=\dimen165
\cmidrulewidth=\dimen166
\belowrulesep=\dimen167
\belowbottomsep=\dimen168
\aboverulesep=\dimen169
\abovetopsep=\dimen170
\cmidrulesep=\dimen171
\cmidrulekern=\dimen172
\defaultaddspace=\dimen173
\@cmidla=\count285
\@cmidlb=\count286
\@aboverulesep=\dimen174
\@belowrulesep=\dimen175
\@thisruleclass=\count287
\@lastruleclass=\count288
\@thisrulewidth=\dimen176
) (d:/texlive/2022/texmf-dist/tex/latex/bxpdfver/bxpdfver.sty
Package: bxpdfver 2022/04/28 v0.6
) (d:/texlive/2022/texmf-dist/tex/latex/csquotes/csquotes.sty
Package: csquotes 2021-02-22 v5.2l context-sensitive quotations (JAW)
 (d:/texlive/2022/texmf-dist/tex/latex/etoolbox/etoolbox.sty
Package: etoolbox 2020/10/05 v2.5k e-TeX tools for LaTeX (JAW)
\etb@tempcnta=\count289
)
\csq@reset=\count290
\csq@gtype=\count291
\csq@glevel=\count292
\csq@qlevel=\count293
\csq@maxlvl=\count294
\csq@tshold=\count295
\csq@ltx@everypar=\toks34
 (d:/texlive/2022/texmf-dist/tex/latex/csquotes/csquotes.def
File: csquotes.def 2021-02-22 v5.2l csquotes generic definitions (JAW)
)
Package csquotes Info: Trying to load configuration file 'csquotes.cfg'...
Package csquotes Info: ... configuration file loaded successfully.
 (d:/texlive/2022/texmf-dist/tex/latex/csquotes/csquotes.cfg
File: csquotes.cfg 
)) (d:/texlive/2022/texmf-dist/tex/latex/setspace/setspace.sty
Package: setspace 2011/12/19 v6.7a set line spacing
) (d:/texlive/2022/texmf-dist/tex/latex/enumitem/enumitem.sty
Package: enumitem 2019/06/20 v3.9 Customized lists
\enitkv@toks@=\toks35
\labelindent=\skip74
\enit@outerparindent=\dimen177
\enit@toks=\toks36
\enit@inbox=\box60
\enit@count@id=\count296
\enitdp@description=\count297
) (d:/texlive/2022/texmf-dist/tex/latex/fancyhdr/fancyhdr.sty
Package: fancyhdr 2022/05/10 v4.0.2 Extensive control of page headers and footers
\f@nch@headwidth=\skip75
\f@nch@O@elh=\skip76
\f@nch@O@erh=\skip77
\f@nch@O@olh=\skip78
\f@nch@O@orh=\skip79
\f@nch@O@elf=\skip80
\f@nch@O@erf=\skip81
\f@nch@O@olf=\skip82
\f@nch@O@orf=\skip83
) (d:/texlive/2022/texmf-dist/tex/latex/float/float.sty
Package: float 2001/11/08 v1.3d Float enhancements (AL)
\c@float@type=\count298
\float@exts=\toks37
\float@box=\box61
\@float@everytoks=\toks38
\@floatcapt=\box62
) (d:/texlive/2022/texmf-dist/tex/latex/footmisc/footmisc.sty
Package: footmisc 2022/03/08 v6.0d a miscellany of footnote facilities
\FN@temptoken=\toks39
\footnotemargin=\dimen178
\@outputbox@depth=\dimen179
Package footmisc Info: Declaring symbol style bringhurst on input line 695.
Package footmisc Info: Declaring symbol style chicago on input line 703.
Package footmisc Info: Declaring symbol style wiley on input line 712.
Package footmisc Info: Declaring symbol style lamport-robust on input line 723.
Package footmisc Info: Declaring symbol style lamport* on input line 743.
Package footmisc Info: Declaring symbol style lamport*-robust on input line 764.
) (d:/texlive/2022/texmf-dist/tex/latex/graphics/graphicx.sty
Package: graphicx 2021/09/16 v1.2d Enhanced LaTeX Graphics (DPC,SPQR)
 (d:/texlive/2022/texmf-dist/tex/latex/graphics/graphics.sty
Package: graphics 2021/03/04 v1.4d Standard LaTeX Graphics (DPC,SPQR)
 (d:/texlive/2022/texmf-dist/tex/latex/graphics/trig.sty
Package: trig 2021/08/11 v1.11 sin cos tan (DPC)
) (d:/texlive/2022/texmf-dist/tex/latex/graphics-cfg/graphics.cfg
File: graphics.cfg 2016/06/04 v1.11 sample graphics configuration
)
Package graphics Info: Driver file: pdftex.def on input line 107.
 (d:/texlive/2022/texmf-dist/tex/latex/graphics-def/pdftex.def
File: pdftex.def 2020/10/05 v1.2a Graphics/color driver for pdftex
))
\Gin@req@height=\dimen180
\Gin@req@width=\dimen181
) (d:/texlive/2022/texmf-dist/tex/latex/hyperref/hyperref.sty
Package: hyperref 2022-02-21 v7.00n Hypertext links for LaTeX
 (d:/texlive/2022/texmf-dist/tex/generic/ltxcmds/ltxcmds.sty
Package: ltxcmds 2020-05-10 v1.25 LaTeX kernel commands for general use (HO)
) (d:/texlive/2022/texmf-dist/tex/generic/pdftexcmds/pdftexcmds.sty
Package: pdftexcmds 2020-06-27 v0.33 Utility functions of pdfTeX for LuaTeX (HO)
 (d:/texlive/2022/texmf-dist/tex/generic/infwarerr/infwarerr.sty
Package: infwarerr 2019/12/03 v1.5 Providing info/warning/error messages (HO)
)
Package pdftexcmds Info: \pdf@primitive is available.
Package pdftexcmds Info: \pdf@ifprimitive is available.
Package pdftexcmds Info: \pdfdraftmode found.
) (d:/texlive/2022/texmf-dist/tex/generic/kvsetkeys/kvsetkeys.sty
Package: kvsetkeys 2019/12/15 v1.18 Key value parser (HO)
) (d:/texlive/2022/texmf-dist/tex/generic/kvdefinekeys/kvdefinekeys.sty
Package: kvdefinekeys 2019-12-19 v1.6 Define keys (HO)
) (d:/texlive/2022/texmf-dist/tex/generic/pdfescape/pdfescape.sty
Package: pdfescape 2019/12/09 v1.15 Implements pdfTeX's escape features (HO)
) (d:/texlive/2022/texmf-dist/tex/latex/hycolor/hycolor.sty
Package: hycolor 2020-01-27 v1.10 Color options for hyperref/bookmark (HO)
) (d:/texlive/2022/texmf-dist/tex/latex/letltxmacro/letltxmacro.sty
Package: letltxmacro 2019/12/03 v1.6 Let assignment for LaTeX macros (HO)
) (d:/texlive/2022/texmf-dist/tex/latex/auxhook/auxhook.sty
Package: auxhook 2019-12-17 v1.6 Hooks for auxiliary files (HO)
) (d:/texlive/2022/texmf-dist/tex/latex/kvoptions/kvoptions.sty
Package: kvoptions 2020-10-07 v3.14 Key value format for package options (HO)
)
\@linkdim=\dimen182
\Hy@linkcounter=\count299
\Hy@pagecounter=\count300
 (d:/texlive/2022/texmf-dist/tex/latex/hyperref/pd1enc.def
File: pd1enc.def 2022-02-21 v7.00n Hyperref: PDFDocEncoding definition (HO)
Now handling font encoding PD1 ...
... no UTF-8 mapping file for font encoding PD1
) (d:/texlive/2022/texmf-dist/tex/generic/intcalc/intcalc.sty
Package: intcalc 2019/12/15 v1.3 Expandable calculations with integers (HO)
) (d:/texlive/2022/texmf-dist/tex/generic/etexcmds/etexcmds.sty
Package: etexcmds 2019/12/15 v1.7 Avoid name clashes with e-TeX commands (HO)
)
\Hy@SavedSpaceFactor=\count301
 (d:/texlive/2022/texmf-dist/tex/latex/hyperref/puenc.def
File: puenc.def 2022-02-21 v7.00n Hyperref: PDF Unicode definition (HO)
Now handling font encoding PU ...
... no UTF-8 mapping file for font encoding PU
)
Package hyperref Info: Option `bookmarks' set `true' on input line 4018.
Package hyperref Info: Option `colorlinks' set `true' on input line 4018.
Package hyperref Info: Option `frenchlinks' set `true' on input line 4018.
Package hyperref Info: Option `unicode' set `true' on input line 4018.
Package hyperref Info: Hyper figures OFF on input line 4137.
Package hyperref Info: Link nesting OFF on input line 4142.
Package hyperref Info: Hyper index ON on input line 4145.
Package hyperref Info: Plain pages OFF on input line 4152.
Package hyperref Info: Backreferencing OFF on input line 4157.
Package hyperref Info: Implicit mode ON; LaTeX internals redefined.
Package hyperref Info: Bookmarks ON on input line 4390.
\c@Hy@tempcnt=\count302
 (d:/texlive/2022/texmf-dist/tex/latex/url/url.sty
\Urlmuskip=\muskip17
Package: url 2013/09/16  ver 3.4  Verb mode for urls, etc.
)
LaTeX Info: Redefining \url on input line 4749.
\XeTeXLinkMargin=\dimen183
 (d:/texlive/2022/texmf-dist/tex/generic/bitset/bitset.sty
Package: bitset 2019/12/09 v1.3 Handle bit-vector datatype (HO)
 (d:/texlive/2022/texmf-dist/tex/generic/bigintcalc/bigintcalc.sty
Package: bigintcalc 2019/12/15 v1.5 Expandable calculations on big integers (HO)
))
\Fld@menulength=\count303
\Field@Width=\dimen184
\Fld@charsize=\dimen185
Package hyperref Info: Hyper figures OFF on input line 6027.
Package hyperref Info: Link nesting OFF on input line 6032.
Package hyperref Info: Hyper index ON on input line 6035.
Package hyperref Info: backreferencing OFF on input line 6042.
Package hyperref Info: Link coloring ON on input line 6045.
Package hyperref Info: Link coloring with OCG OFF on input line 6052.
Package hyperref Info: PDF/A mode OFF on input line 6057.
LaTeX Info: Redefining \ref on input line 6097.
LaTeX Info: Redefining \pageref on input line 6101.
 (d:/texlive/2022/texmf-dist/tex/latex/base/atbegshi-ltx.sty
Package: atbegshi-ltx 2021/01/10 v1.0c Emulation of the original atbegshi
package with kernel methods
)
\Hy@abspage=\count304
\c@Item=\count305
\c@Hfootnote=\count306
)
Package hyperref Info: Driver (autodetected): hpdftex.
 (d:/texlive/2022/texmf-dist/tex/latex/hyperref/hpdftex.def
File: hpdftex.def 2022-02-21 v7.00n Hyperref driver for pdfTeX
 (d:/texlive/2022/texmf-dist/tex/latex/base/atveryend-ltx.sty
Package: atveryend-ltx 2020/08/19 v1.0a Emulation of the original atveryend package
with kernel methods
)
\Fld@listcount=\count307
\c@bookmark@seq@number=\count308
 (d:/texlive/2022/texmf-dist/tex/latex/rerunfilecheck/rerunfilecheck.sty
Package: rerunfilecheck 2019/12/05 v1.9 Rerun checks for auxiliary files (HO)
 (d:/texlive/2022/texmf-dist/tex/generic/uniquecounter/uniquecounter.sty
Package: uniquecounter 2019/12/15 v1.4 Provide unlimited unique counter (HO)
)
Package uniquecounter Info: New unique counter `rerunfilecheck' on input line 286.
)
\Hy@SectionHShift=\skip84
) (d:/texlive/2022/texmf-dist/tex/lualatex/luainputenc/luainputenc.sty
Package: luainputenc 2010/11/19 v0.973 inputenc package for LuaTeX
) (d:/texlive/2022/texmf-dist/tex/latex/mdframed/mdframed.sty
Package: mdframed 2013/07/01 1.9b: mdframed
 (d:/texlive/2022/texmf-dist/tex/latex/l3packages/xparse/xparse.sty (d:/texlive/2022/texmf-dist/tex/latex/l3kernel/expl3.sty
Package: expl3 2022-05-04 L3 programming layer (loader) 
 (d:/texlive/2022/texmf-dist/tex/latex/l3backend/l3backend-pdftex.def
File: l3backend-pdftex.def 2022-04-20 L3 backend support: PDF output (pdfTeX)
\l__color_backend_stack_int=\count309
\l__pdf_internal_box=\box63
))
Package: xparse 2022-01-12 L3 Experimental document command parser
) (d:/texlive/2022/texmf-dist/tex/latex/zref/zref-abspage.sty
Package: zref-abspage 2022-04-07 v2.34 Module abspage for zref (HO)
 (d:/texlive/2022/texmf-dist/tex/latex/zref/zref-base.sty
Package: zref-base 2022-04-07 v2.34 Module base for zref (HO)
Package zref Info: New property list: main on input line 767.
Package zref Info: New property: default on input line 768.
Package zref Info: New property: page on input line 769.
)
\c@abspage=\count310
Package zref Info: New property: abspage on input line 65.
) (d:/texlive/2022/texmf-dist/tex/latex/needspace/needspace.sty
Package: needspace 2010/09/12 v1.3d reserve vertical space
) (d:/texlive/2022/texmf-dist/tex/latex/graphics/color.sty
Package: color 2021/12/07 v1.3c Standard LaTeX Color (DPC)
 (d:/texlive/2022/texmf-dist/tex/latex/graphics-cfg/color.cfg
File: color.cfg 2016/01/02 v1.6 sample color configuration
)
Package color Info: Driver file: pdftex.def on input line 149.
)
\mdf@templength=\skip85
\c@mdf@globalstyle@cnt=\count311
\mdf@skipabove@length=\skip86
\mdf@skipbelow@length=\skip87
\mdf@leftmargin@length=\skip88
\mdf@rightmargin@length=\skip89
\mdf@innerleftmargin@length=\skip90
\mdf@innerrightmargin@length=\skip91
\mdf@innertopmargin@length=\skip92
\mdf@innerbottommargin@length=\skip93
\mdf@splittopskip@length=\skip94
\mdf@splitbottomskip@length=\skip95
\mdf@outermargin@length=\skip96
\mdf@innermargin@length=\skip97
\mdf@linewidth@length=\skip98
\mdf@innerlinewidth@length=\skip99
\mdf@middlelinewidth@length=\skip100
\mdf@outerlinewidth@length=\skip101
\mdf@roundcorner@length=\skip102
\mdf@footenotedistance@length=\skip103
\mdf@userdefinedwidth@length=\skip104
\mdf@needspace@length=\skip105
\mdf@frametitleaboveskip@length=\skip106
\mdf@frametitlebelowskip@length=\skip107
\mdf@frametitlerulewidth@length=\skip108
\mdf@frametitleleftmargin@length=\skip109
\mdf@frametitlerightmargin@length=\skip110
\mdf@shadowsize@length=\skip111
\mdf@extratopheight@length=\skip112
\mdf@subtitleabovelinewidth@length=\skip113
\mdf@subtitlebelowlinewidth@length=\skip114
\mdf@subtitleaboveskip@length=\skip115
\mdf@subtitlebelowskip@length=\skip116
\mdf@subtitleinneraboveskip@length=\skip117
\mdf@subtitleinnerbelowskip@length=\skip118
\mdf@subsubtitleabovelinewidth@length=\skip119
\mdf@subsubtitlebelowlinewidth@length=\skip120
\mdf@subsubtitleaboveskip@length=\skip121
\mdf@subsubtitlebelowskip@length=\skip122
\mdf@subsubtitleinneraboveskip@length=\skip123
\mdf@subsubtitleinnerbelowskip@length=\skip124
 (d:/texlive/2022/texmf-dist/tex/latex/mdframed/md-frame-0.mdf
File: md-frame-0.mdf 2013/07/01\ 1.9b: md-frame-0
)
\mdf@frametitlebox=\box64
\mdf@footnotebox=\box65
\mdf@splitbox@one=\box66
\mdf@splitbox@two=\box67
\mdf@splitbox@save=\box68
\mdfsplitboxwidth=\skip125
\mdfsplitboxtotalwidth=\skip126
\mdfsplitboxheight=\skip127
\mdfsplitboxdepth=\skip128
\mdfsplitboxtotalheight=\skip129
\mdfframetitleboxwidth=\skip130
\mdfframetitleboxtotalwidth=\skip131
\mdfframetitleboxheight=\skip132
\mdfframetitleboxdepth=\skip133
\mdfframetitleboxtotalheight=\skip134
\mdffootnoteboxwidth=\skip135
\mdffootnoteboxtotalwidth=\skip136
\mdffootnoteboxheight=\skip137
\mdffootnoteboxdepth=\skip138
\mdffootnoteboxtotalheight=\skip139
\mdftotallinewidth=\skip140
\mdfboundingboxwidth=\skip141
\mdfboundingboxtotalwidth=\skip142
\mdfboundingboxheight=\skip143
\mdfboundingboxdepth=\skip144
\mdfboundingboxtotalheight=\skip145
\mdf@freevspace@length=\skip146
\mdf@horizontalwidthofbox@length=\skip147
\mdf@verticalmarginwhole@length=\skip148
\mdf@horizontalspaceofbox=\skip149
\mdfsubtitleheight=\skip150
\mdfsubsubtitleheight=\skip151
\c@mdfcountframes=\count312

****** mdframed patching \endmdf@trivlist

****** -- success******

\mdf@envdepth=\count313
\c@mdf@env@i=\count314
\c@mdf@env@ii=\count315
\c@mdf@zref@counter=\count316
Package zref Info: New property: mdf@pagevalue on input line 895.
) (d:/texlive/2022/texmf-dist/tex/latex/microtype/microtype.sty
Package: microtype 2022/03/14 v3.0d Micro-typographical refinements (RS)
\MT@toks=\toks40
\MT@tempbox=\box69
\MT@count=\count317
LaTeX Info: Redefining \noprotrusionifhmode on input line 1027.
LaTeX Info: Redefining \leftprotrusion on input line 1028.
LaTeX Info: Redefining \rightprotrusion on input line 1036.
LaTeX Info: Redefining \textls on input line 1195.
\MT@outer@kern=\dimen186
LaTeX Info: Redefining \textmicrotypecontext on input line 1781.
\MT@listname@count=\count318
 (d:/texlive/2022/texmf-dist/tex/latex/microtype/microtype-pdftex.def
File: microtype-pdftex.def 2022/03/14 v3.0d Definitions specific to pdftex (RS)
LaTeX Info: Redefining \lsstyle on input line 900.
LaTeX Info: Redefining \lslig on input line 900.
\MT@outer@space=\skip152
)
Package microtype Info: Loading configuration file microtype.cfg.
 (d:/texlive/2022/texmf-dist/tex/latex/microtype/microtype.cfg
File: microtype.cfg 2022/03/14 v3.0d microtype main configuration file (RS)
)) (d:/texlive/2022/texmf-dist/tex/latex/parskip/parskip.sty
Package: parskip 2021-03-14 v2.0h non-zero parskip adjustments
) (d:/texlive/2022/texmf-dist/tex/latex/ragged2e/ragged2e.sty
Package: ragged2e 2021/12/15 v3.1 ragged2e Package
\CenteringLeftskip=\skip153
\RaggedLeftLeftskip=\skip154
\RaggedRightLeftskip=\skip155
\CenteringRightskip=\skip156
\RaggedLeftRightskip=\skip157
\RaggedRightRightskip=\skip158
\CenteringParfillskip=\skip159
\RaggedLeftParfillskip=\skip160
\RaggedRightParfillskip=\skip161
\JustifyingParfillskip=\skip162
\CenteringParindent=\skip163
\RaggedLeftParindent=\skip164
\RaggedRightParindent=\skip165
\JustifyingParindent=\skip166
) (d:/texlive/2022/texmf-dist/tex/latex/titlesec/titlesec.sty
Package: titlesec 2021/07/05 v2.14 Sectioning titles
\ttl@box=\box70
\beforetitleunit=\skip167
\aftertitleunit=\skip168
\ttl@plus=\dimen187
\ttl@minus=\dimen188
\ttl@toksa=\toks41
\titlewidth=\dimen189
\titlewidthlast=\dimen190
\titlewidthfirst=\dimen191
) (d:/texlive/2022/texmf-dist/tex/latex/xcolor/xcolor.sty
Package: xcolor 2021/10/31 v2.13 LaTeX color extensions (UK)
 (d:/texlive/2022/texmf-dist/tex/latex/graphics-cfg/color.cfg
File: color.cfg 2016/01/02 v1.6 sample color configuration
)
Package xcolor Info: Driver file: pdftex.def on input line 227.
LaTeX Info: Redefining \color on input line 711.
Package xcolor Info: Model `cmy' substituted by `cmy0' on input line 1352.
Package xcolor Info: Model `hsb' substituted by `rgb' on input line 1356.
Package xcolor Info: Model `RGB' extended on input line 1368.
Package xcolor Info: Model `HTML' substituted by `rgb' on input line 1370.
Package xcolor Info: Model `Hsb' substituted by `hsb' on input line 1371.
Package xcolor Info: Model `tHsb' substituted by `hsb' on input line 1372.
Package xcolor Info: Model `HSB' substituted by `hsb' on input line 1373.
Package xcolor Info: Model `Gray' substituted by `gray' on input line 1374.
Package xcolor Info: Model `wave' substituted by `hsb' on input line 1375.
)
\c@prop=\count319
\c@claim=\count320
\c@conjecture=\count321
\c@cor=\count322
\c@defn=\count323
\c@example=\count324
\c@casenvi=\count325
\c@casenvii=\count326
\c@casenviii=\count327
\c@casenviv=\count328
\enitdp@casenv=\count329
\c@problem=\count330
\c@sol=\count331
\c@thm=\count332
\c@code=\count333
 (d:/texlive/2022/texmf-dist/tex/latex/cleveref/cleveref.sty
Package: cleveref 2018/03/27 v0.21.4 Intelligent cross-referencing
Package cleveref Info: `hyperref' support loaded on input line 2370.
LaTeX Info: Redefining \cref on input line 2370.
LaTeX Info: Redefining \Cref on input line 2370.
LaTeX Info: Redefining \crefrange on input line 2370.
LaTeX Info: Redefining \Crefrange on input line 2370.
LaTeX Info: Redefining \cpageref on input line 2370.
LaTeX Info: Redefining \Cpageref on input line 2370.
LaTeX Info: Redefining \cpagerefrange on input line 2370.
LaTeX Info: Redefining \Cpagerefrange on input line 2370.
LaTeX Info: Redefining \labelcref on input line 2370.
LaTeX Info: Redefining \labelcpageref on input line 2370.
Package cleveref Info: `amsthm' support loaded on input line 3026.
Package cleveref Info: `algorithm2e' support loaded on input line 3147.
)
Package hyperref Info: Option `colorlinks' set `true' on input line 282.
\c@definition=\count334
 (d:/texlive/2022/texmf-dist/tex/latex/listings/listings.sty
\lst@mode=\count335
\lst@gtempboxa=\box71
\lst@token=\toks42
\lst@length=\count336
\lst@currlwidth=\dimen192
\lst@column=\count337
\lst@pos=\count338
\lst@lostspace=\dimen193
\lst@width=\dimen194
\lst@newlines=\count339
\lst@lineno=\count340
\lst@maxwidth=\dimen195
 (d:/texlive/2022/texmf-dist/tex/latex/listings/lstmisc.sty
File: lstmisc.sty 2020/03/24 1.8d (Carsten Heinz)
\c@lstnumber=\count341
\lst@skipnumbers=\count342
\lst@framebox=\box72
) (d:/texlive/2022/texmf-dist/tex/latex/listings/listings.cfg
File: listings.cfg 2020/03/24 1.8d listings configuration
))
Package: listings 2020/03/24 1.8d (Carsten Heinz)
 (d:/texlive/2022/texmf-dist/tex/latex/sourcecodepro/sourcecodepro.sty
Package: sourcecodepro 2018/01/13 v2.7 Adobe's Source Code Pro typeface
 (d:/texlive/2022/texmf-dist/tex/latex/base/fontenc.sty
Package: fontenc 2021/04/29 v2.0v Standard LaTeX package
 (d:/texlive/2022/texmf-dist/tex/latex/ly1/ly1enc.def
File: ly1enc.def 2009/07/22 v0.7 TeX 'n ANSI encoding (DPC/KB)
Now handling font encoding LY1 ...
... processing UTF-8 mapping file for font encoding LY1
 (d:/texlive/2022/texmf-dist/tex/latex/base/ly1enc.dfu
File: ly1enc.dfu 2021/06/21 v1.2n UTF-8 support
   defining Unicode char U+00A0 (decimal 160)
   defining Unicode char U+00A1 (decimal 161)
   defining Unicode char U+00A2 (decimal 162)
   defining Unicode char U+00A3 (decimal 163)
   defining Unicode char U+00A4 (decimal 164)
   defining Unicode char U+00A5 (decimal 165)
   defining Unicode char U+00A6 (decimal 166)
   defining Unicode char U+00A7 (decimal 167)
   defining Unicode char U+00AA (decimal 170)
   defining Unicode char U+00AB (decimal 171)
   defining Unicode char U+00AD (decimal 173)
   defining Unicode char U+00AE (decimal 174)
   defining Unicode char U+00B0 (decimal 176)
   defining Unicode char U+00B5 (decimal 181)
   defining Unicode char U+00B6 (decimal 182)
   defining Unicode char U+00B7 (decimal 183)
   defining Unicode char U+00BA (decimal 186)
   defining Unicode char U+00BB (decimal 187)
   defining Unicode char U+00BC (decimal 188)
   defining Unicode char U+00BD (decimal 189)
   defining Unicode char U+00BE (decimal 190)
   defining Unicode char U+00BF (decimal 191)
   defining Unicode char U+00C0 (decimal 192)
   defining Unicode char U+00C1 (decimal 193)
   defining Unicode char U+00C2 (decimal 194)
   defining Unicode char U+00C3 (decimal 195)
   defining Unicode char U+00C4 (decimal 196)
   defining Unicode char U+00C5 (decimal 197)
   defining Unicode char U+00C6 (decimal 198)
   defining Unicode char U+00C7 (decimal 199)
   defining Unicode char U+00C8 (decimal 200)
   defining Unicode char U+00C9 (decimal 201)
   defining Unicode char U+00CA (decimal 202)
   defining Unicode char U+00CB (decimal 203)
   defining Unicode char U+00CC (decimal 204)
   defining Unicode char U+00CD (decimal 205)
   defining Unicode char U+00CE (decimal 206)
   defining Unicode char U+00CF (decimal 207)
   defining Unicode char U+00D0 (decimal 208)
   defining Unicode char U+00D1 (decimal 209)
   defining Unicode char U+00D2 (decimal 210)
   defining Unicode char U+00D3 (decimal 211)
   defining Unicode char U+00D4 (decimal 212)
   defining Unicode char U+00D5 (decimal 213)
   defining Unicode char U+00D6 (decimal 214)
   defining Unicode char U+00D8 (decimal 216)
   defining Unicode char U+00D9 (decimal 217)
   defining Unicode char U+00DA (decimal 218)
   defining Unicode char U+00DB (decimal 219)
   defining Unicode char U+00DC (decimal 220)
   defining Unicode char U+00DD (decimal 221)
   defining Unicode char U+00DE (decimal 222)
   defining Unicode char U+00DF (decimal 223)
   defining Unicode char U+00E0 (decimal 224)
   defining Unicode char U+00E1 (decimal 225)
   defining Unicode char U+00E2 (decimal 226)
   defining Unicode char U+00E3 (decimal 227)
   defining Unicode char U+00E4 (decimal 228)
   defining Unicode char U+00E5 (decimal 229)
   defining Unicode char U+00E6 (decimal 230)
   defining Unicode char U+00E7 (decimal 231)
   defining Unicode char U+00E8 (decimal 232)
   defining Unicode char U+00E9 (decimal 233)
   defining Unicode char U+00EA (decimal 234)
   defining Unicode char U+00EB (decimal 235)
   defining Unicode char U+00EC (decimal 236)
   defining Unicode char U+00ED (decimal 237)
   defining Unicode char U+00EE (decimal 238)
   defining Unicode char U+00EF (decimal 239)
   defining Unicode char U+00F0 (decimal 240)
   defining Unicode char U+00F1 (decimal 241)
   defining Unicode char U+00F2 (decimal 242)
   defining Unicode char U+00F3 (decimal 243)
   defining Unicode char U+00F4 (decimal 244)
   defining Unicode char U+00F5 (decimal 245)
   defining Unicode char U+00F6 (decimal 246)
   defining Unicode char U+00F8 (decimal 248)
   defining Unicode char U+00F9 (decimal 249)
   defining Unicode char U+00FA (decimal 250)
   defining Unicode char U+00FB (decimal 251)
   defining Unicode char U+00FC (decimal 252)
   defining Unicode char U+00FD (decimal 253)
   defining Unicode char U+00FE (decimal 254)
   defining Unicode char U+00FF (decimal 255)
   defining Unicode char U+0131 (decimal 305)
   defining Unicode char U+0141 (decimal 321)
   defining Unicode char U+0142 (decimal 322)
   defining Unicode char U+0152 (decimal 338)
   defining Unicode char U+0153 (decimal 339)
   defining Unicode char U+0160 (decimal 352)
   defining Unicode char U+0161 (decimal 353)
   defining Unicode char U+0174 (decimal 372)
   defining Unicode char U+0175 (decimal 373)
   defining Unicode char U+0176 (decimal 374)
   defining Unicode char U+0177 (decimal 375)
   defining Unicode char U+0178 (decimal 376)
   defining Unicode char U+017D (decimal 381)
   defining Unicode char U+017E (decimal 382)
   defining Unicode char U+0192 (decimal 402)
   defining Unicode char U+0218 (decimal 536)
   defining Unicode char U+0219 (decimal 537)
   defining Unicode char U+021A (decimal 538)
   defining Unicode char U+021B (decimal 539)
   defining Unicode char U+0237 (decimal 567)
   defining Unicode char U+02C6 (decimal 710)
   defining Unicode char U+02DC (decimal 732)
   defining Unicode char U+2013 (decimal 8211)
   defining Unicode char U+2014 (decimal 8212)
   defining Unicode char U+201C (decimal 8220)
   defining Unicode char U+201D (decimal 8221)
   defining Unicode char U+2020 (decimal 8224)
   defining Unicode char U+2021 (decimal 8225)
   defining Unicode char U+2022 (decimal 8226)
   defining Unicode char U+2026 (decimal 8230)
   defining Unicode char U+2030 (decimal 8240)
   defining Unicode char U+2039 (decimal 8249)
   defining Unicode char U+203A (decimal 8250)
   defining Unicode char U+2122 (decimal 8482)
   defining Unicode char U+FB00 (decimal 64256)
   defining Unicode char U+FB01 (decimal 64257)
   defining Unicode char U+FB02 (decimal 64258)
   defining Unicode char U+FB03 (decimal 64259)
   defining Unicode char U+FB04 (decimal 64260)
   defining Unicode char U+FB05 (decimal 64261)
   defining Unicode char U+FB06 (decimal 64262)
))
LaTeX Font Info:    Trying to load font information for T1+lmr on input line 112.
 (d:/texlive/2022/texmf-dist/tex/latex/lm/t1lmr.fd
File: t1lmr.fd 2015/05/01 v1.6.1 Font defs for Latin Modern
))) (d:/texlive/2022/texmf-dist/tex/latex/listings/lstlang1.sty
File: lstlang1.sty 2020/03/24 1.8d listings language file
) (d:/texlive/2022/texmf-dist/tex/latex/listings/lstlang1.sty
File: lstlang1.sty 2020/03/24 1.8d listings language file
) (d:/texlive/2022/texmf-dist/tex/latex/listings/lstmisc.sty
File: lstmisc.sty 2020/03/24 1.8d (Carsten Heinz)
))
Package csquotes Info: Checking for multilingual support...
Package csquotes Info: ... found 'babel' package.
Package csquotes Info: Adjusting default style.
Package csquotes Info: Redefining alias 'default' -> 'british'.
 (./book.aux (./FrontMatter/titlepage.aux) (./MainMatter/Part1/Part1.aux) (./MainMatter/Part2/Part2.aux) (./MainMatter/Part3/Part3.aux) (./MainMatter/Part4/Part4.aux) (./MainMatter/Part5/Part5.aux) (./MainMatter/Part6/Part6.aux) (./MainMatter/Part7/Part7.aux) (./MainMatter/Part8/Part8.aux) (./MainMatter/Part9/Part9.aux) (./MainMatter/Part10/Part10.aux) (./MainMatter/Part11/Part11.aux) (./MainMatter/Part12/Part12.aux) (./MainMatter/Part13/Part13.aux))
\openout1 = `book.aux'.

LaTeX Font Info:    Checking defaults for OML/cmm/m/it on input line 11.
LaTeX Font Info:    ... okay on input line 11.
LaTeX Font Info:    Checking defaults for OMS/cmsy/m/n on input line 11.
LaTeX Font Info:    ... okay on input line 11.
LaTeX Font Info:    Checking defaults for OT1/cmr/m/n on input line 11.
LaTeX Font Info:    ... okay on input line 11.
LaTeX Font Info:    Checking defaults for T1/cmr/m/n on input line 11.
LaTeX Font Info:    ... okay on input line 11.
LaTeX Font Info:    Checking defaults for TS1/cmr/m/n on input line 11.
LaTeX Font Info:    ... okay on input line 11.
LaTeX Font Info:    Checking defaults for OMX/cmex/m/n on input line 11.
LaTeX Font Info:    ... okay on input line 11.
LaTeX Font Info:    Checking defaults for U/cmr/m/n on input line 11.
LaTeX Font Info:    ... okay on input line 11.
LaTeX Font Info:    Checking defaults for LUC/nanummj/m/n on input line 11.
LaTeX Font Info:    Trying to load font information for LUC+nanummj on input line 11.
 (d:/texlive/2022/texmf-dist/tex/latex/nanumtype1/lucnanummj.fd
File: lucnanummj.fd 2013/02/12 v0.1 Nanum Myeongjo font definitions
)
LaTeX Font Info:    ... okay on input line 11.
LaTeX Font Info:    Checking defaults for PD1/pdf/m/n on input line 11.
LaTeX Font Info:    ... okay on input line 11.
LaTeX Font Info:    Checking defaults for PU/pdf/m/n on input line 11.
LaTeX Font Info:    ... okay on input line 11.
LaTeX Font Info:    Checking defaults for LY1/ptm/m/n on input line 11.
LaTeX Font Info:    Trying to load font information for LY1+ptm on input line 11.
 (d:/texlive/2022/texmf-dist/tex/latex/ly1/ly1ptm.fd
File: ly1ptm.fd 2001/02/01 font definitions for LY1/ptm using Berry names.
)
LaTeX Font Info:    ... okay on input line 11.
\c@mv@tabular=\count343
\c@mv@boldtabular=\count344

*geometry* driver: auto-detecting
*geometry* detected driver: pdftex
*geometry* verbose mode - [ preamble ] result:
* driver: pdftex
* paper: <default>
* layout: <same size as paper>
* layoutoffset:(h,v)=(0.0pt,0.0pt)
* modes: twoside 
* h-part:(L,W,R)=(109.54327pt, 395.20845pt, 109.54327pt)
* v-part:(T,H,B)=(113.81102pt, 567.34795pt, 113.81102pt)
* \paperwidth=614.295pt
* \paperheight=794.96999pt
* \textwidth=395.20845pt
* \textheight=567.34795pt
* \oddsidemargin=37.27328pt
* \evensidemargin=37.27328pt
* \topmargin=11.47354pt
* \headheight=12.0pt
* \headsep=18.06749pt
* \topskip=10.0pt
* \footskip=25.29494pt
* \marginparwidth=125.0pt
* \marginparsep=7.0pt
* \columnsep=10.0pt
* \skip\footins=9.0pt plus 4.0pt minus 2.0pt
* \hoffset=0.0pt
* \voffset=0.0pt
* \mag=1000
* \@twocolumnfalse
* \@twosidetrue
* \@mparswitchtrue
* \@reversemarginfalse
* (1in=72.27pt=25.4mm, 1cm=28.453pt)

(d:/texlive/2022/texmf-dist/tex/context/base/mkii/supp-pdf.mkii
[Loading MPS to PDF converter (version 2006.09.02).]
\scratchcounter=\count345
\scratchdimen=\dimen196
\scratchbox=\box73
\nofMPsegments=\count346
\nofMParguments=\count347
\everyMPshowfont=\toks43
\MPscratchCnt=\count348
\MPscratchDim=\dimen197
\MPnumerator=\count349
\makeMPintoPDFobject=\count350
\everyMPtoPDFconversion=\toks44
) (d:/texlive/2022/texmf-dist/tex/latex/epstopdf-pkg/epstopdf-base.sty
Package: epstopdf-base 2020-01-24 v2.11 Base part for package epstopdf
Package epstopdf-base Info: Redefining graphics rule for `.eps' on input line 485.
 (d:/texlive/2022/texmf-dist/tex/latex/latexconfig/epstopdf-sys.cfg
File: epstopdf-sys.cfg 2010/07/13 v1.3 Configuration of (r)epstopdf for TeX Live
))
Package hyperref Info: Link coloring ON on input line 11.
 (d:/texlive/2022/texmf-dist/tex/latex/hyperref/nameref.sty
Package: nameref 2021-04-02 v2.47 Cross-referencing by name of section
 (d:/texlive/2022/texmf-dist/tex/latex/refcount/refcount.sty
Package: refcount 2019/12/15 v3.6 Data extraction from label references (HO)
) (d:/texlive/2022/texmf-dist/tex/generic/gettitlestring/gettitlestring.sty
Package: gettitlestring 2019/12/15 v1.6 Cleanup title references (HO)
)
\c@section@level=\count351
)
LaTeX Info: Redefining \ref on input line 11.
LaTeX Info: Redefining \pageref on input line 11.
LaTeX Info: Redefining \nameref on input line 11.
 (./book.out) (./book.out)
\@outlinefile=\write3
\openout3 = `book.out'.



Package microtype Warning: Command \pickup@font is not defined as expected.
(microtype)                Patching it anyway. Some things may break.
(microtype)                Double-check whether micro-typography is indeed
(microtype)                applied to the document.
(microtype)                (Hint: Turn on `verbose' mode).

LaTeX Info: Redefining \microtypecontext on input line 11.
Package microtype Info: Applying patch `item' on input line 11.
Package microtype Info: Applying patch `toc' on input line 11.
Package microtype Info: Applying patch `eqnum' on input line 11.
Package microtype Info: Applying patch `footnote' on input line 11.
Package microtype Info: Generating PDF output.
Package microtype Info: Character protrusion enabled (level 2).
Package microtype Info: Using default protrusion set `alltext'.
Package microtype Info: Automatic font expansion enabled (level 2),
(microtype)             stretch: 20, shrink: 20, step: 1, non-selected.
Package microtype Info: Using default expansion set `alltext-nott'.
LaTeX Info: Redefining \showhyphens on input line 11.
Package microtype Info: No adjustment of tracking.
Package microtype Info: No adjustment of interword spacing.
Package microtype Info: No adjustment of character kerning.
Package microtype Info: Redefining babel's language switching commands.
(d:/texlive/2022/texmf-dist/tex/latex/microtype/mt-cmr.cfg
File: mt-cmr.cfg 2013/05/19 v2.2 microtype config. file: Computer Modern Roman (RS)
)
\c@lstlisting=\count352
\openout2 = `./FrontMatter/titlepage.aux'.

 (./FrontMatter/titlepage.tex
Package microtype Info: Character `029' is missing
(microtype)             in font `T1/lmr/m/sc/24.88'.
(microtype)             Ignoring protrusion settings for this character.
Package microtype Info: Character `029' is missing
(microtype)             in font `T1/lmr/m/sc/12'.
(microtype)             Ignoring protrusion settings for this character.

Overfull \hbox (2.78885pt too wide) in paragraph at lines 19--20
[][][][][][][] 
 []

LaTeX Font Info:    Trying to load font information for TS1+lmr on input line 38.
(d:/texlive/2022/texmf-dist/tex/latex/lm/ts1lmr.fd
File: ts1lmr.fd 2015/05/01 v1.6.1 Font defs for Latin Modern
)
LaTeX Font Info:    Trying to load font information for OML+lmm on input line 38.
 (d:/texlive/2022/texmf-dist/tex/latex/lm/omllmm.fd
File: omllmm.fd 2015/05/01 v1.6.1 Font defs for Latin Modern
)
LaTeX Font Info:    Trying to load font information for OMS+lmsy on input line 38.
 (d:/texlive/2022/texmf-dist/tex/latex/lm/omslmsy.fd
File: omslmsy.fd 2015/05/01 v1.6.1 Font defs for Latin Modern
)
LaTeX Font Info:    Trying to load font information for OMX+lmex on input line 38.
 (d:/texlive/2022/texmf-dist/tex/latex/lm/omxlmex.fd
File: omxlmex.fd 2015/05/01 v1.6.1 Font defs for Latin Modern
)
LaTeX Font Info:    External font `lmex10' loaded for size
(Font)              <10> on input line 38.
LaTeX Font Info:    External font `lmex10' loaded for size
(Font)              <7> on input line 38.
LaTeX Font Info:    External font `lmex10' loaded for size
(Font)              <5> on input line 38.
LaTeX Font Info:    Trying to load font information for U+msa on input line 38.
 (d:/texlive/2022/texmf-dist/tex/latex/amsfonts/umsa.fd
File: umsa.fd 2013/01/14 v3.01 AMS symbols A
) (d:/texlive/2022/texmf-dist/tex/latex/microtype/mt-msa.cfg
File: mt-msa.cfg 2006/02/04 v1.1 microtype config. file: AMS symbols (a) (RS)
)
LaTeX Font Info:    Trying to load font information for U+msb on input line 38.
 (d:/texlive/2022/texmf-dist/tex/latex/amsfonts/umsb.fd
File: umsb.fd 2013/01/14 v3.01 AMS symbols B
) (d:/texlive/2022/texmf-dist/tex/latex/microtype/mt-msb.cfg
File: mt-msb.cfg 2005/06/01 v1.0 microtype config. file: AMS symbols (b) (RS)
) [1




{d:/texlive/2022/texmf-var/fonts/map/pdftex/updmap/pdftex.map}]) [2



]
LaTeX Font Info:    External font `lmex10' loaded for size
(Font)              <12> on input line 20.
LaTeX Font Info:    External font `lmex10' loaded for size
(Font)              <8> on input line 20.
LaTeX Font Info:    External font `lmex10' loaded for size
(Font)              <6> on input line 20.

pdfTeX warning (ext4): destination with the same identifier (name{page.i}) has been already used, duplicate ignored
<to be read again> 
                   \relax 
l.20 \maketitle\pagebreak
                          [1]
pdfTeX warning (ext4): destination with the same identifier (name{page.ii}) has been already used, duplicate ignored
<to be read again> 
                   \relax 
l.22 \tableofcontents
                      [2

] (./book.toc [3] [4]
LaTeX Font Info:    Trying to load font information for T1+SourceCodePro-TLF on input line 60.
 (d:/texlive/2022/texmf-dist/tex/latex/sourcecodepro/T1SourceCodePro-TLF.fd
File: T1SourceCodePro-TLF.fd 2018/02/18 (autoinst) Font definitions for T1/SourceCodePro-TLF.
)
LaTeX Font Info:    Font shape `T1/SourceCodePro-TLF/m/n' will be
(Font)              scaled to size 10.0pt on input line 60.
Package microtype Info: Loading generic protrusion settings for font family
(microtype)             `SourceCodePro-TLF' (encoding: T1).
(microtype)             For optimal results, create family-specific settings.
(microtype)             See the microtype manual for details.
 [5] [6] [7] [8] [9] [10])
\tf@toc=\write4
\openout4 = `book.toc'.

 [11] [12

] [1

] [2]
\openout2 = `./MainMatter/Part1/Part1.aux'.

 (./MainMatter/Part1/Part1.tex
Chapter 1.
(./MainMatter/Part1/Complexity.tex [3


]
Overfull \hbox (2.26663pt too wide) in paragraph at lines 24--25
[]\T1/lmr/bx/n/10 (-20) Definition 1.2 \T1/lmr/m/n/10 (-20) (Big-Theta nota-tion)\T1/lmr/bx/n/10 (-20) . []$[][] \OML/lmm/m/it/10 f\OT1/lmr/m/n/10 (-20) (\OML/lmm/m/it/10 x\OT1/lmr/m/n/10 (-20) )\OML/lmm/m/it/10 =g\OT1/lmr/m/n/10 (-20) (\OML/lmm/m/it/10 x\OT1/lmr/m/n/10 (-20) ) \OML/lmm/m/it/10 < \OMS/lmsy/m/n/10 1$\LUC/nanummj/m/n/10/c7 t\LUC/nanummj/m/n/10/ac à $[][] \OML/lmm/m/it/10 f\OT1/lmr/m/n/10 (-20) (\OML/lmm/m/it/10 x\OT1/lmr/m/n/10 (-20) )\OML/lmm/m/it/10 =g\OT1/lmr/m/n/10 (-20) (\OML/lmm/m/it/10 x\OT1/lmr/m/n/10 (-20) )$
 []

[4])) [5] [6



] [7] [8]
\openout2 = `./MainMatter/Part2/Part2.aux'.

 (./MainMatter/Part2/Part2.tex
Chapter 2.
(./MainMatter/Part2/Backtracking.tex
LaTeX Font Info:    External font `lmex10' loaded for size
(Font)              <14.4> on input line 3.


Package hyperref Warning: Token not allowed in a PDF string (Unicode):
(hyperref)                removing `math shift' on input line 3.


Package hyperref Warning: Token not allowed in a PDF string (Unicode):
(hyperref)                removing `math shift' on input line 3.

[9


]
LaTeX Font Info:    Font shape `T1/SourceCodePro-TLF/m/n' will be
(Font)              scaled to size 9.0pt on input line 20.

Underfull \vbox (badness 6032) has occurred while \output is active []

 [10] [11]
<Images/5070.png, id=1430, 529.98pt x 178.6675pt>
File: Images/5070.png Graphic file (type png)
<use Images/5070.png>
Package pdftex.def Info: Images/5070.png  used on input line 125.
(pdftex.def)             Requested size: 197.60422pt x 66.61574pt.
 [12 <./Images/5070.png>] [13]) [14]
Chapter 3.
(./MainMatter/Part2/Sorting.tex [15

]
Underfull \vbox (badness 5802) has occurred while \output is active []

 [16] [17] [18]
Underfull \vbox (badness 2435) has occurred while \output is active []

 [19] [20]
Underfull \vbox (badness 1137) has occurred while \output is active []

 [21] [22] [23] [24]
Underfull \vbox (badness 10000) has occurred while \output is active []

 [25] [26] [27]
<Images/28076.png, id=1825, 822.82407pt x 644.4075pt>
File: Images/28076.png Graphic file (type png)
<use Images/28076.png>
Package pdftex.def Info: Images/28076.png  used on input line 495.
(pdftex.def)             Requested size: 197.60422pt x 154.74945pt.
 [28 <./Images/28076.png>]
<Images/10069.png, id=1839, 897.3525pt x 236.38312pt>
File: Images/10069.png Graphic file (type png)
<use Images/10069.png>
Package pdftex.def Info: Images/10069.png  used on input line 518.
(pdftex.def)             Requested size: 316.16795pt x 83.28357pt.
 [29 <./Images/10069.png>]) [30]
Chapter 4.
(./MainMatter/Part2/Prefix_sum.tex [31

] [32]
Underfull \vbox (badness 10000) has occurred while \output is active []

 [33] [34]
LaTeX Font Info:    Font shape `LUC/nanummj/m/it' in size <10> not available
(Font)              Font shape `LUC/nanummj/m/sl' tried instead on input line 151.
 [35] [36]) [37] [38

]
Chapter 5.
(./MainMatter/Part2/Binary_search.tex [39] [40]
Overfull \hbox (0.58928pt too wide) in paragraph at lines 62--63
[]\T1/lmr/bx/n/10 (-20) Code 5.2. []\T1/SourceCodePro-TLF/m/n/10 std::lower_bound \LUC/nanummj/m/n/10/c6 ^^H\LUC/nanummj/m/n/10/c2 Ü \LUC/nanummj/m/n/10/cf T\LUC/nanummj/m/n/10/b4 Ü\T1/lmr/m/n/10 (-20) : [][]$\T1/SourceCodePro-TLF/m/n/10 https : / / en . cppreference . com / w / cpp /
 []

[41]
Overfull \hbox (0.58928pt too wide) in paragraph at lines 106--107
[]\T1/lmr/bx/n/10 (-20) Code 5.3. []\T1/SourceCodePro-TLF/m/n/10 std::upper_bound \LUC/nanummj/m/n/10/c6 ^^H\LUC/nanummj/m/n/10/c2 Ü \LUC/nanummj/m/n/10/cf T\LUC/nanummj/m/n/10/b4 Ü\T1/lmr/m/n/10 (-20) : [][]$\T1/SourceCodePro-TLF/m/n/10 https : / / en . cppreference . com / w / cpp /
 []


Underfull \vbox (badness 2368) has occurred while \output is active []

 [42] [43] [44]
<Images/24074.png, id=2131, 551.05875pt x 108.405pt>
File: Images/24074.png Graphic file (type png)
<use Images/24074.png>
Package pdftex.def Info: Images/24074.png  used on input line 220.
(pdftex.def)             Requested size: 316.16795pt x 62.1984pt.
) [45 <./Images/24074.png>] [46

]
Chapter 6.
(./MainMatter/Part2/Parametric_search.tex [47] [48] [49] [50] [51] [52]) [53] [54

]
Chapter 7.
(./MainMatter/Part2/Parallel_binary_search.tex [55] [56] [57] [58]) [59] [60

]
Chapter 8.
(./MainMatter/Part2/Two_pointer.tex [61] [62] [63] [64] [65]
LaTeX Font Info:    Font shape `T1/SourceCodePro-TLF/m/it' will be
(Font)              scaled to size 10.0pt on input line 197.
 [66] [67]) [68]
Chapter 9.
(./MainMatter/Part2/Bitmask.tex [69

]
LaTeX Font Info:    Font shape `T1/SourceCodePro-TLF/b/n' will be
(Font)              scaled to size 14.4pt on input line 44.
 [70]
Underfull \vbox (badness 10000) has occurred while \output is active []

 [71] [72] [73]) [74]
Chapter 10.
(./MainMatter/Part2/Value_compression.tex [75

] [76] [77]) [78]
Chapter 11.
(./MainMatter/Part2/Sweeping.tex [79

]
Underfull \vbox (badness 10000) has occurred while \output is active []

 [80] [81] [82]) [83] [84

]
Chapter 12.
(./MainMatter/Part2/Divide_and_conquer.tex
Underfull \vbox (badness 2005) has occurred while \output is active []

 [85] [86]
Underfull \vbox (badness 10000) has occurred while \output is active []

 [87] [88] [89] [90])) [91] [92



] [93] [94]
\openout2 = `./MainMatter/Part3/Part3.aux'.

 (./MainMatter/Part3/Part3.tex
Chapter 13.
[95


] [96

]
Chapter 14.
[97] [98

]
Chapter 15.
[99] [100

]
Chapter 16.
[101] [102

]
Chapter 17.
[103] [104

]
Chapter 18.
[105] [106

]
Chapter 19.
[107] [108

]
Chapter 20.
[109] [110

]
Chapter 21.
) [111] [112



] [113] [114]
\openout2 = `./MainMatter/Part4/Part4.aux'.

 (./MainMatter/Part4/Part4.tex
Chapter 22.
(./MainMatter/Part4/One_dimension_dp.tex) [115


] [116

]
Chapter 23.
(./MainMatter/Part4/Knapsack.tex) [117] [118

]
Chapter 24.
(./MainMatter/Part4/Multi_dimension_dp.tex)) [119] [120



] [121] [122]
\openout2 = `./MainMatter/Part5/Part5.aux'.

 (./MainMatter/Part5/Part5.tex
Chapter 25.
(./MainMatter/Part5/Greedy.tex)) [123


] [124



] [125] [126]
\openout2 = `./MainMatter/Part6/Part6.aux'.

 (./MainMatter/Part6/Part6.tex
Chapter 26.
(./MainMatter/Part6/Graph_basic.tex
Underfull \vbox (badness 5091) has occurred while \output is active []

 [127


] [128]
Underfull \vbox (badness 10000) has occurred while \output is active []

 [129] [130]) [131] [132

]
Chapter 27.
(./MainMatter/Part6/Graph_type.tex [133] [134] [135] [136]) [137] [138

]
Chapter 28.
(./MainMatter/Part6/Graph_search.tex [139]
Underfull \vbox (badness 10000) has occurred while \output is active []

 [140] [141]
Underfull \vbox (badness 10000) has occurred while \output is active []

 [142] [143] [144]) [145] [146

]
Chapter 29.
(./MainMatter/Part6/Minimal_spanning_tree.tex [147] [148] [149] [150]) [151] [152

]
Chapter 30.
(./MainMatter/Part6/Biconnected_component.tex [153] [154] [155] [156] [157]) [158]
Chapter 31.
(./MainMatter/Part6/Strongly_connected_component.tex) [159

] [160

]
Chapter 32.
(./MainMatter/Part6/Topology_sort.tex) [161] [162

]
Chapter 33.
(./MainMatter/Part6/Dijkstra.tex [163]

Package hyperref Warning: Token not allowed in a PDF string (Unicode):
(hyperref)                removing `math shift' on input line 25.


Package hyperref Warning: Token not allowed in a PDF string (Unicode):
(hyperref)                removing `superscript' on input line 25.


Package hyperref Warning: Token not allowed in a PDF string (Unicode):
(hyperref)                removing `math shift' on input line 25.

[164]

Package hyperref Warning: Token not allowed in a PDF string (Unicode):
(hyperref)                removing `math shift' on input line 72.


Package hyperref Warning: Token not allowed in a PDF string (Unicode):
(hyperref)                removing `\mathop' on input line 72.


Package hyperref Warning: Token not allowed in a PDF string (Unicode):
(hyperref)                removing `\mathgroup' on input line 72.


Package hyperref Warning: Token not allowed in a PDF string (Unicode):
(hyperref)                removing `\symoperators' on input line 72.


Package hyperref Warning: Token not allowed in a PDF string (Unicode):
(hyperref)                removing `\@ifnextchar' on input line 72.


Package hyperref Warning: Token not allowed in a PDF string (Unicode):
(hyperref)                removing `math shift' on input line 72.

[165]
Underfull \vbox (badness 10000) has occurred while \output is active []

 [166] [167] [168]) [169] [170

]
Chapter 34.
(./MainMatter/Part6/Bellman_ford.tex [171] [172] [173]) [174]
Chapter 35.
(./MainMatter/Part6/Floyd_warshall.tex [175

] [176] [177] [178])) [179] [180



] [181] [182]
\openout2 = `./MainMatter/Part7/Part7.aux'.

 (./MainMatter/Part7/Part7.tex
Chapter 36.
(./MainMatter/Part7/Tree_basic.tex) [183


] [184

]
Chapter 37.
(./MainMatter/Part7/Tree_search.tex) [185] [186

]
Chapter 38.
(./MainMatter/Part7/Lowest_common_ancestor.tex) [187] [188

]
Chapter 39.
(./MainMatter/Part7/Euler_tour_technique.tex) [189] [190

]
Chapter 40.
(./MainMatter/Part7/Centroid.tex) [191] [192

]
Chapter 41.
(./MainMatter/Part7/Heavy_light_decomposition.tex) [193] [194

]
Chapter 42.
(./MainMatter/Part7/Tree_dp.tex) [195] [196

]
Chapter 43.
(./MainMatter/Part7/Smaller_to_larger.tex)) [197] [198



] [199] [200]
\openout2 = `./MainMatter/Part8/Part8.aux'.

 (./MainMatter/Part8/Part8.tex
Chapter 44.
(./MainMatter/Part8/Sqrt_decomposition.tex) [201


] [202

]
Chapter 45.
(./MainMatter/Part8/mo's.tex) [203] [204

]
Chapter 46.
(./MainMatter/Part8/Segment_tree.tex) [205] [206

]
Chapter 47.
(./MainMatter/Part8/Lazy_propagation.tex) [207] [208

]
Chapter 48.
(./MainMatter/Part8/Binary_indexed_tree.tex) [209] [210

]
Chapter 49.
(./MainMatter/Part8/Merge_sort_tree.tex) [211] [212

]
Chapter 50.
(./MainMatter/Part8/Multidimensional_segtree.tex) [213] [214

]
Chapter 51.
(./MainMatter/Part8/Persistent_segtree.tex) [215] [216

]
Chapter 52.
(./MainMatter/Part8/Splay_tree.tex) [217] [218

]
Chapter 53.
(./MainMatter/Part8/Link_cut_tree.tex) [219] [220

]
Chapter 54.
(./MainMatter/Part8/Offline_dynamic_connectivity.tex)) [221] [222



] [223] [224]
\openout2 = `./MainMatter/Part9/Part9.aux'.

 (./MainMatter/Part9/Part9.tex
Chapter 55.
(./MainMatter/Part9/Bitfield_dp.tex) [225


] [226

]
Chapter 56.
(./MainMatter/Part9/Convex_hull_trick.tex) [227] [228

]
Chapter 57.
(./MainMatter/Part9/Divide_and_conquer_opt.tex) [229] [230

]
Chapter 58.
(./MainMatter/Part9/Monotone_queue_opt.tex) [231] [232

]
Chapter 59.
(./MainMatter/Part9/Connection_profile_dp.tex) [233] [234

]
Chapter 60.
(./MainMatter/Part9/Knuth_opt.tex) [235] [236

]
Chapter 61.
(./MainMatter/Part9/Alines_trick.tex) [237] [238

]
Chapter 62.
(./MainMatter/Part9/Slope_trick.tex) [239] [240

]
Chapter 63.
(./MainMatter/Part9/Hirschburg.tex) [241] [242

]
Chapter 64.
(./MainMatter/Part9/Berlekamp_Massey.tex) [243] [244

]
Chapter 65.
(./MainMatter/Part9/Kitamasa_method.tex)) [245] [246



] [247] [248]
\openout2 = `./MainMatter/Part10/Part10.aux'.

 (./MainMatter/Part10/Part10.tex
Chapter 66.
(./MainMatter/Part10/KMP.tex) [249


] [250

]
Chapter 67.
(./MainMatter/Part10/Aho_Corasick.tex) [251] [252

]
Chapter 68.
(./MainMatter/Part10/Trie.tex) [253] [254

]
Chapter 69.
(./MainMatter/Part10/Suffix_array_and_LCP_array.tex)) [255] [256



] [257] [258]
\openout2 = `./MainMatter/Part11/Part11.aux'.

 (./MainMatter/Part11/Part11.tex
Chapter 70.
(./MainMatter/Part11/Line_insertion_check.tex) [259


] [260

]
Chapter 71.
(./MainMatter/Part11/Convex_hull.tex) [261] [262

]
Chapter 72.
(./MainMatter/Part11/Rotating_calipers.tex)) [263] [264



] [265] [266]
\openout2 = `./MainMatter/Part12/Part12.aux'.

 (./MainMatter/Part12/Part12.tex
Chapter 73.
(./MainMatter/Part12/Bipartite_matching.tex) [267


] [268

]
Chapter 74.
(./MainMatter/Part12/Maximum_flow.tex) [269] [270

]
Chapter 75.
(./MainMatter/Part12/Minimum_cost_maximum_flow.tex) [271] [272

]
Chapter 76.
(./MainMatter/Part12/Max_flow_min_cut_theorem.tex)) [273] [274



] [275] [276]
\openout2 = `./MainMatter/Part13/Part13.aux'.

 (./MainMatter/Part13/Part13.tex
Chapter 77.
(./MainMatter/Part13/Game_theory.tex) [277


] [278

]
Chapter 78.
(./MainMatter/Part13/Prime_factorization.tex) [279] [280

]
Chapter 79.
(./MainMatter/Part13/Modular_inverse.tex) [281] [282

]
Chapter 80.
(./MainMatter/Part13/Chinese_remainder_theorem.tex) [283] [284

]
Chapter 81.
(./MainMatter/Part13/Extended_euclidean_algorithm.tex) [285] [286

]
Chapter 82.
(./MainMatter/Part13/Fast_fourier_transform.tex)) [287] (./book.aux (./FrontMatter/titlepage.aux) (./MainMatter/Part1/Part1.aux) (./MainMatter/Part2/Part2.aux) (./MainMatter/Part3/Part3.aux) (./MainMatter/Part4/Part4.aux) (./MainMatter/Part5/Part5.aux) (./MainMatter/Part6/Part6.aux) (./MainMatter/Part7/Part7.aux) (./MainMatter/Part8/Part8.aux) (./MainMatter/Part9/Part9.aux) (./MainMatter/Part10/Part10.aux) (./MainMatter/Part11/Part11.aux) (./MainMatter/Part12/Part12.aux) (./MainMatter/Part13/Part13.aux))
Package rerunfilecheck Info: File `book.out' has not changed.
(rerunfilecheck)             Checksum: 2B7E1FE7F9873BFF64F80208A1E1C1CE;25505.
 ) 
Here is how much of TeX's memory you used:
 27415 strings out of 478300
 473434 string characters out of 5849123
 1046185 words of memory out of 5000000
 42144 multiletter control sequences out of 15000+600000
 634064 words of font info for 444 fonts, out of 8000000 for 9000
 1141 hyphenation exceptions out of 8191
 87i,15n,134p,1215b,2313s stack positions out of 10000i,1000n,20000p,200000b,200000s
{d:/texlive/2022/texmf-dist/fonts/enc/dvips/lm/lm-rm.enc}{d:/texlive/2022/texmf-dist/fonts/enc/dvips/sourcecodepro/a_lutrty.enc}{d:/texlive/2022/texmf-dist/fonts/enc/dvips/lm/lm-ec.enc}{d:/texlive/2022/texmf-dist/fonts/enc/dvips/lm/lm-mathit.enc}{d:/texlive/2022/texmf-dist/fonts/enc/dvips/lm/lm-mathsy.enc}{d:/texlive/2022/texmf-dist/fonts/enc/dvips/lm/lm-mathex.enc}{d:/texlive/2022/texmf-dist/fonts/enc/dvips/lm/lm-ts1.enc}<d:/texlive/2022/texmf-dist/fonts/type1/adobe/sourcecodepro/SourceCodePro-Bold.pfb><d:/texlive/2022/texmf-dist/fonts/type1/adobe/sourcecodepro/SourceCodePro-It.pfb><d:/texlive/2022/texmf-dist/fonts/type1/adobe/sourcecodepro/SourceCodePro-Regular.pfb><d:/texlive/2022/texmf-dist/fonts/type1/public/lm/lmbx10.pfb><d:/texlive/2022/texmf-dist/fonts/type1/public/lm/lmbx12.pfb><d:/texlive/2022/texmf-dist/fonts/type1/public/lm/lmcsc10.pfb><d:/texlive/2022/texmf-dist/fonts/type1/public/lm/lmex10.pfb><d:/texlive/2022/texmf-dist/fonts/type1/public/lm/lmmi10.pfb><d:/texlive/2022/texmf-dist/fonts/type1/public/lm/lmmi12.pfb><d:/texlive/2022/texmf-dist/fonts/type1/public/lm/lmmi5.pfb><d:/texlive/2022/texmf-dist/fonts/type1/public/lm/lmmi7.pfb><d:/texlive/2022/texmf-dist/fonts/type1/public/lm/lmr10.pfb><d:/texlive/2022/texmf-dist/fonts/type1/public/lm/lmr12.pfb><d:/texlive/2022/texmf-dist/fonts/type1/public/lm/lmr17.pfb><d:/texlive/2022/texmf-dist/fonts/type1/public/lm/lmr5.pfb><d:/texlive/2022/texmf-dist/fonts/type1/public/lm/lmr7.pfb><d:/texlive/2022/texmf-dist/fonts/type1/public/lm/lmr8.pfb><d:/texlive/2022/texmf-dist/fonts/type1/public/lm/lmr9.pfb><d:/texlive/2022/texmf-dist/fonts/type1/public/lm/lmri10.pfb><d:/texlive/2022/texmf-dist/fonts/type1/public/lm/lmsy10.pfb><d:/texlive/2022/texmf-dist/fonts/type1/public/lm/lmsy7.pfb><d:/texlive/2022/texmf-dist/fonts/type1/public/nanumtype1/nanummjbac.pfb><d:/texlive/2022/texmf-dist/fonts/type1/public/nanumtype1/nanummjbad.pfb><d:/texlive/2022/texmf-dist/fonts/type1/public/nanumtype1/nanummjbae.pfb><d:/texlive/2022/texmf-dist/fonts/type1/public/nanumtype1/nanummjbb0.pfb><d:/texlive/2022/texmf-dist/fonts/type1/public/nanumtype1/nanummjbb1.pfb><d:/texlive/2022/texmf-dist/fonts/type1/public/nanumtype1/nanummjbb2.pfb><d:/texlive/2022/texmf-dist/fonts/type1/public/nanumtype1/nanummjbb3.pfb><d:/texlive/2022/texmf-dist/fonts/type1/public/nanumtype1/nanummjbb4.pfb><d:/texlive/2022/texmf-dist/fonts/type1/public/nanumtype1/nanummjbb5.pfb><d:/texlive/2022/texmf-dist/fonts/type1/public/nanumtype1/nanummjbb7.pfb><d:/texlive/2022/texmf-dist/fonts/type1/public/nanumtype1/nanummjbb8.pfb><d:/texlive/2022/texmf-dist/fonts/type1/public/nanumtype1/nanummjbb9.pfb><d:/texlive/2022/texmf-dist/fonts/type1/public/nanumtype1/nanummjbba.pfb><d:/texlive/2022/texmf-dist/fonts/type1/public/nanumtype1/nanummjbbb.pfb><d:/texlive/2022/texmf-dist/fonts/type1/public/nanumtype1/nanummjbbc.pfb><d:/texlive/2022/texmf-dist/fonts/type1/public/nanumtype1/nanummjbbd.pfb><d:/texlive/2022/texmf-dist/fonts/type1/public/nanumtype1/nanummjbbe.pfb><d:/texlive/2022/texmf-dist/fonts/type1/public/nanumtype1/nanummjbc0.pfb><d:/texlive/2022/texmf-dist/fonts/type1/public/nanumtype1/nanummjbc1.pfb><d:/texlive/2022/texmf-dist/fonts/type1/public/nanumtype1/nanummjbc2.pfb><d:/texlive/2022/texmf-dist/fonts/type1/public/nanumtype1/nanummjbc4.pfb><d:/texlive/2022/texmf-dist/fonts/type1/public/nanumtype1/nanummjbc5.pfb><d:/texlive/2022/texmf-dist/fonts/type1/public/nanumtype1/nanummjbc6.pfb><d:/texlive/2022/texmf-dist/fonts/type1/public/nanumtype1/nanummjbc7.pfb><d:/texlive/2022/texmf-dist/fonts/type1/public/nanumtype1/nanummjbc8.pfb><d:/texlive/2022/texmf-dist/fonts/type1/public/nanumtype1/nanummjbc9.pfb><d:/texlive/2022/texmf-dist/fonts/type1/public/nanumtype1/nanummjbca.pfb><d:/texlive/2022/texmf-dist/fonts/type1/public/nanumtype1/nanummjbcc.pfb><d:/texlive/2022/texmf-dist/fonts/type1/public/nanumtype1/nanummjbcd.pfb><d:/texlive/2022/texmf-dist/fonts/type1/public/nanumtype1/nanummjbce.pfb><d:/texlive/2022/texmf-dist/fonts/type1/public/nanumtype1/nanummjbcf.pfb><d:/texlive/2022/texmf-dist/fonts/type1/public/nanumtype1/nanummjbd0.pfb><d:/texlive/2022/texmf-dist/fonts/type1/public/nanumtype1/nanummjbd1.pfb><d:/texlive/2022/texmf-dist/fonts/type1/public/nanumtype1/nanummjbd2.pfb><d:/texlive/2022/texmf-dist/fonts/type1/public/nanumtype1/nanummjbd3.pfb><d:/texlive/2022/texmf-dist/fonts/type1/public/nanumtype1/nanummjbd4.pfb><d:/texlive/2022/texmf-dist/fonts/type1/public/nanumtype1/nanummjbd5.pfb><d:/texlive/2022/texmf-dist/fonts/type1/public/nanumtype1/nanummjbd6.pfb><d:/texlive/2022/texmf-dist/fonts/type1/public/nanumtype1/nanummjbd7.pfb><d:/texlive/2022/texmf-dist/fonts/type1/public/nanumtype1/nanummjmac.pfb><d:/texlive/2022/texmf-dist/fonts/type1/public/nanumtype1/nanummjmac.pfb><d:/texlive/2022/texmf-dist/fonts/type1/public/nanumtype1/nanummjmad.pfb><d:/texlive/2022/texmf-dist/fonts/type1/public/nanumtype1/nanummjmad.pfb><d:/texlive/2022/texmf-dist/fonts/type1/public/nanumtype1/nanummjmae.pfb><d:/texlive/2022/texmf-dist/fonts/type1/public/nanumtype1/nanummjmaf.pfb><d:/texlive/2022/texmf-dist/fonts/type1/public/nanumtype1/nanummjmb0.pfb><d:/texlive/2022/texmf-dist/fonts/type1/public/nanumtype1/nanummjmb1.pfb><d:/texlive/2022/texmf-dist/fonts/type1/public/nanumtype1/nanummjmb1.pfb><d:/texlive/2022/texmf-dist/fonts/type1/public/nanumtype1/nanummjmb2.pfb><d:/texlive/2022/texmf-dist/fonts/type1/public/nanumtype1/nanummjmb2.pfb><d:/texlive/2022/texmf-dist/fonts/type1/public/nanumtype1/nanummjmb3.pfb><d:/texlive/2022/texmf-dist/fonts/type1/public/nanumtype1/nanummjmb3.pfb><d:/texlive/2022/texmf-dist/fonts/type1/public/nanumtype1/nanummjmb4.pfb><d:/texlive/2022/texmf-dist/fonts/type1/public/nanumtype1/nanummjmb4.pfb><d:/texlive/2022/texmf-dist/fonts/type1/public/nanumtype1/nanummjmb5.pfb><d:/texlive/2022/texmf-dist/fonts/type1/public/nanumtype1/nanummjmb6.pfb><d:/texlive/2022/texmf-dist/fonts/type1/public/nanumtype1/nanummjmb7.pfb><d:/texlive/2022/texmf-dist/fonts/type1/public/nanumtype1/nanummjmb7.pfb><d:/texlive/2022/texmf-dist/fonts/type1/public/nanumtype1/nanummjmb8.pfb><d:/texlive/2022/texmf-dist/fonts/type1/public/nanumtype1/nanummjmb8.pfb><d:/texlive/2022/texmf-dist/fonts/type1/public/nanumtype1/nanummjmb9.pfb><d:/texlive/2022/texmf-dist/fonts/type1/public/nanumtype1/nanummjmb9.pfb><d:/texlive/2022/texmf-dist/fonts/type1/public/nanumtype1/nanummjmba.pfb><d:/texlive/2022/texmf-dist/fonts/type1/public/nanumtype1/nanummjmba.pfb><d:/texlive/2022/texmf-dist/fonts/type1/public/nanumtype1/nanummjmbb.pfb><d:/texlive/2022/texmf-dist/fonts/type1/public/nanumtype1/nanummjmbc.pfb><d:/texlive/2022/texmf-dist/fonts/type1/public/nanumtype1/nanummjmbc.pfb><d:/texlive/2022/texmf-dist/fonts/type1/public/nanumtype1/nanummjmbd.pfb><d:/texlive/2022/texmf-dist/fonts/type1/public/nanumtype1/nanummjmbd.pfb><d:/texlive/2022/texmf-dist/fonts/type1/public/nanumtype1/nanummjmbe.pfb><d:/texlive/2022/texmf-dist/fonts/type1/public/nanumtype1/nanummjmbe.pfb><d:/texlive/2022/texmf-dist/fonts/type1/public/nanumtype1/nanummjmbf.pfb><d:/texlive/2022/texmf-dist/fonts/type1/public/nanumtype1/nanummjmc0.pfb><d:/texlive/2022/texmf-dist/fonts/type1/public/nanumtype1/nanummjmc1.pfb><d:/texlive/2022/texmf-dist/fonts/type1/public/nanumtype1/nanummjmc1.pfb><d:/texlive/2022/texmf-dist/fonts/type1/public/nanumtype1/nanummjmc2.pfb><d:/texlive/2022/texmf-dist/fonts/type1/public/nanumtype1/nanummjmc2.pfb><d:/texlive/2022/texmf-dist/fonts/type1/public/nanumtype1/nanummjmc3.pfb><d:/texlive/2022/texmf-dist/fonts/type1/public/nanumtype1/nanummjmc4.pfb><d:/texlive/2022/texmf-dist/fonts/type1/public/nanumtype1/nanummjmc5.pfb><d:/texlive/2022/texmf-dist/fonts/type1/public/nanumtype1/nanummjmc5.pfb><d:/texlive/2022/texmf-dist/fonts/type1/public/nanumtype1/nanummjmc6.pfb><d:/texlive/2022/texmf-dist/fonts/type1/public/nanumtype1/nanummjmc6.pfb><d:/texlive/2022/texmf-dist/fonts/type1/public/nanumtype1/nanummjmc7.pfb><d:/texlive/2022/texmf-dist/fonts/type1/public/nanumtype1/nanummjmc7.pfb><d:/texlive/2022/texmf-dist/fonts/type1/public/nanumtype1/nanummjmc8.pfb><d:/texlive/2022/texmf-dist/fonts/type1/public/nanumtype1/nanummjmc8.pfb><d:/texlive/2022/texmf-dist/fonts/type1/public/nanumtype1/nanummjmc9.pfb><d:/texlive/2022/texmf-dist/fonts/type1/public/nanumtype1/nanummjmc9.pfb><d:/texlive/2022/texmf-dist/fonts/type1/public/nanumtype1/nanummjmca.pfb><d:/texlive/2022/texmf-dist/fonts/type1/public/nanumtype1/nanummjmcc.pfb><d:/texlive/2022/texmf-dist/fonts/type1/public/nanumtype1/nanummjmcc.pfb><d:/texlive/2022/texmf-dist/fonts/type1/public/nanumtype1/nanummjmcd.pfb><d:/texlive/2022/texmf-dist/fonts/type1/public/nanumtype1/nanummjmcd.pfb><d:/texlive/2022/texmf-dist/fonts/type1/public/nanumtype1/nanummjmce.pfb><d:/texlive/2022/texmf-dist/fonts/type1/public/nanumtype1/nanummjmcf.pfb><d:/texlive/2022/texmf-dist/fonts/type1/public/nanumtype1/nanummjmd0.pfb><d:/texlive/2022/texmf-dist/fonts/type1/public/nanumtype1/nanummjmd1.pfb><d:/texlive/2022/texmf-dist/fonts/type1/public/nanumtype1/nanummjmd2.pfb><d:/texlive/2022/texmf-dist/fonts/type1/public/nanumtype1/nanummjmd3.pfb><d:/texlive/2022/texmf-dist/fonts/type1/public/nanumtype1/nanummjmd3.pfb><d:/texlive/2022/texmf-dist/fonts/type1/public/nanumtype1/nanummjmd4.pfb><d:/texlive/2022/texmf-dist/fonts/type1/public/nanumtype1/nanummjmd5.pfb><d:/texlive/2022/texmf-dist/fonts/type1/public/nanumtype1/nanummjmd5.pfb><d:/texlive/2022/texmf-dist/fonts/type1/public/nanumtype1/nanummjmd6.pfb><d:/texlive/2022/texmf-dist/fonts/type1/public/nanumtype1/nanummjmd7.pfb>
Output written on book.pdf (301 pages, 6466578 bytes).
PDF statistics:
 5965 PDF objects out of 6186 (max. 8388607)
 5342 compressed objects within 54 object streams
 2325 named destinations out of 2487 (max. 500000)
 58181 words of extra memory for PDF output out of 61914 (max. 10000000)

