\BOOKMARK [-1][-]{part.1}{\376\377\000I\000\040\301\034\270\140}{}% 1
\BOOKMARK [0][-]{chapter.1}{\376\377\302\334\254\004\000\040\274\365\307\241\263\304\306\100\000\040\254\365\254\004\000\040\274\365\307\241\263\304}{part.1}% 2
\BOOKMARK [1][-]{section.1.1}{\376\377\254\034\306\224}{chapter.1}% 3
\BOOKMARK [1][-]{section.1.2}{\376\377\310\020\255\374\000\040\324\134\256\060\274\225}{chapter.1}% 4
\BOOKMARK [1][-]{section.1.3}{\376\377\310\034\325\134\000\040\302\334\254\004\254\374\000\040\302\334\254\004\000\040\274\365\307\241\263\304}{chapter.1}% 5
\BOOKMARK [1][-]{section.1.4}{\376\377\305\360\302\265\273\070\310\034}{chapter.1}% 6
\BOOKMARK [-1][-]{part.2}{\376\377\000I\000I\000\040\256\060\274\370\000\040\305\114\254\340\271\254\311\230}{}% 7
\BOOKMARK [0][-]{chapter.2}{\376\377\274\061\322\270\267\230\320\271}{part.2}% 8
\BOOKMARK [1][-]{section.2.1}{\376\377\000N\000-\000Q\000u\000e\000e\000n\000\040\273\070\310\034}{chapter.2}% 9
\BOOKMARK [1][-]{section.2.2}{\376\377\305\360\302\265\273\070\310\034\000\040\000A}{chapter.2}% 10
\BOOKMARK [1][-]{section.2.3}{\376\377\305\360\302\265\273\070\310\034\000\040\000B}{chapter.2}% 11
\BOOKMARK [1][-]{section.2.4}{\376\377\305\360\302\265\273\070\310\034\000\040\000C}{chapter.2}% 12
\BOOKMARK [0][-]{chapter.3}{\376\377\310\025\270\054}{part.2}% 13
\BOOKMARK [1][-]{section.3.1}{\376\377\276\104\255\120\000\040\256\060\274\030\000\040\310\025\270\054\000\040\305\114\254\340\271\254\311\230}{chapter.3}% 14
\BOOKMARK [2][-]{subsection.3.1.1}{\376\377\274\204\276\024\000\040\310\025\270\054}{section.3.1}% 15
\BOOKMARK [2][-]{subsection.3.1.2}{\376\377\300\275\307\205\000\040\310\025\270\054}{section.3.1}% 16
\BOOKMARK [2][-]{subsection.3.1.3}{\376\377\301\040\320\335\000\040\310\025\270\054}{section.3.1}% 17
\BOOKMARK [2][-]{subsection.3.1.4}{\376\377\320\065\000\040\310\025\270\054}{section.3.1}% 18
\BOOKMARK [2][-]{subsection.3.1.5}{\376\377\274\321\325\151\000\040\310\025\270\054}{section.3.1}% 19
\BOOKMARK [1][-]{section.3.2}{\376\377\310\025\302\030\000\040\310\025\270\054\000\040\305\114\254\340\271\254\311\230}{chapter.3}% 20
\BOOKMARK [2][-]{subsection.3.2.1}{\376\377\254\304\302\030\000\040\310\025\270\054}{section.3.2}% 21
\BOOKMARK [2][-]{subsection.3.2.2}{\376\377\256\060\302\030\000\040\310\025\270\054}{section.3.2}% 22
\BOOKMARK [1][-]{section.3.3}{\376\377\260\264\307\245\000\040\310\025\270\054\000\040\325\150\302\030\000\040\300\254\306\251\325\130\256\060}{chapter.3}% 23
\BOOKMARK [1][-]{section.3.4}{\376\377\305\360\300\260\307\220\000\040\306\044\274\204\270\134\265\051}{chapter.3}% 24
\BOOKMARK [1][-]{section.3.5}{\376\377\305\360\302\265\273\070\310\034\000\040\000A}{chapter.3}% 25
\BOOKMARK [1][-]{section.3.6}{\376\377\305\360\302\265\273\070\310\034\000\040\000B}{chapter.3}% 26
\BOOKMARK [1][-]{section.3.7}{\376\377\305\360\302\265\273\070\310\034\000\040\000C}{chapter.3}% 27
\BOOKMARK [0][-]{chapter.4}{\376\377\255\154\254\004\000\040\325\151}{part.2}% 28
\BOOKMARK [1][-]{section.4.1}{\376\377\275\200\275\204\000\040\325\151\307\104\000\040\255\154\325\130\262\224\000\040\273\070\310\034}{chapter.4}% 29
\BOOKMARK [1][-]{section.4.2}{\376\377\307\164\314\050\306\320\000\040\275\200\275\204\000\040\325\151}{chapter.4}% 30
\BOOKMARK [1][-]{section.4.3}{\376\377\305\360\302\265\273\070\310\034\000\040\000A}{chapter.4}% 31
\BOOKMARK [1][-]{section.4.4}{\376\377\305\360\302\265\273\070\310\034\000\040\000B}{chapter.4}% 32
\BOOKMARK [1][-]{section.4.5}{\376\377\305\360\302\265\273\070\310\034\000\040\000C}{chapter.4}% 33
\BOOKMARK [0][-]{chapter.5}{\376\377\307\164\275\204\000\040\320\320\300\311}{part.2}% 34
\BOOKMARK [1][-]{section.5.1}{\376\377\276\140\271\164\254\214\000\040\320\320\300\311\325\130\256\060}{chapter.5}% 35
\BOOKMARK [1][-]{section.5.2}{\376\377\000S\000T\000L\000\040\260\264\307\245\000\040\325\150\302\030}{chapter.5}% 36
\BOOKMARK [1][-]{section.5.3}{\376\377\305\360\302\265\273\070\310\034\000\040\000A}{chapter.5}% 37
\BOOKMARK [1][-]{section.5.4}{\376\377\305\360\302\265\273\070\310\034\000\040\000B}{chapter.5}% 38
\BOOKMARK [1][-]{section.5.5}{\376\377\305\360\302\265\273\070\310\034\000\040\000C}{chapter.5}% 39
\BOOKMARK [0][-]{chapter.6}{\376\377\271\344\254\034\274\300\302\030\000\040\320\320\300\311}{part.2}% 40
\BOOKMARK [1][-]{section.6.1}{\376\377\262\365\307\104\000\040\320\320\300\311\325\134\262\344\262\224\000\040\305\104\307\164\265\024\305\264}{chapter.6}% 41
\BOOKMARK [1][-]{section.6.2}{\376\377\254\260\310\025\000\040\273\070\310\034\306\100\000\040\315\134\310\001\325\164\000\040\273\070\310\034}{chapter.6}% 42
\BOOKMARK [1][-]{section.6.3}{\376\377\305\360\302\265\273\070\310\034\000\040\000A}{chapter.6}% 43
\BOOKMARK [1][-]{section.6.4}{\376\377\305\360\302\265\273\070\310\034\000\040\000B}{chapter.6}% 44
\BOOKMARK [1][-]{section.6.5}{\376\377\305\360\302\265\273\070\310\034\000\040\000C}{chapter.6}% 45
\BOOKMARK [0][-]{chapter.7}{\376\377\274\321\270\054\000\040\307\164\275\204\000\040\320\320\300\311}{part.2}% 46
\BOOKMARK [1][-]{section.7.1}{\376\377\317\374\271\254\306\100\000\040\307\164\275\204\000\040\320\320\300\311}{chapter.7}% 47
\BOOKMARK [1][-]{section.7.2}{\376\377\305\360\302\265\273\070\310\034\000\040\000A}{chapter.7}% 48
\BOOKMARK [1][-]{section.7.3}{\376\377\305\360\302\265\273\070\310\034\000\040\000B}{chapter.7}% 49
\BOOKMARK [1][-]{section.7.4}{\376\377\305\360\302\265\273\070\310\034\000\040\000C}{chapter.7}% 50
\BOOKMARK [0][-]{chapter.8}{\376\377\322\054\000\040\323\354\307\170\321\060}{part.2}% 51
\BOOKMARK [1][-]{section.8.1}{\376\377\254\000\262\245\325\134\000\040\255\154\254\004\307\104\000\040\314\076\262\224\000\040\273\070\310\034}{chapter.8}% 52
\BOOKMARK [1][-]{section.8.2}{\376\377\322\054\000\040\323\354\307\170\321\060\254\000\000\040\300\254\306\251\264\040\000\040\310\160\254\164}{chapter.8}% 53
\BOOKMARK [1][-]{section.8.3}{\376\377\305\360\302\265\273\070\310\034\000\040\000A}{chapter.8}% 54
\BOOKMARK [1][-]{section.8.4}{\376\377\305\360\302\265\273\070\310\034\000\040\000B}{chapter.8}% 55
\BOOKMARK [1][-]{section.8.5}{\376\377\305\360\302\265\273\070\310\034\000\040\000C}{chapter.8}% 56
\BOOKMARK [0][-]{chapter.9}{\376\377\276\104\322\270\271\310\302\244\320\154}{part.2}% 57
\BOOKMARK [1][-]{section.9.1}{\376\377\274\060\305\364\000\040\263\000\302\340\000\040\302\053\307\220\000\040\325\130\260\230\270\134}{chapter.9}% 58
\BOOKMARK [1][-]{section.9.2}{\376\377\000s\000t\000d\000:\000:\000b\000i\000t\000s\000e\000t}{chapter.9}% 59
\BOOKMARK [1][-]{section.9.3}{\376\377\305\360\302\265\273\070\310\034\000\040\000A}{chapter.9}% 60
\BOOKMARK [1][-]{section.9.4}{\376\377\305\360\302\265\273\070\310\034\000\040\000B}{chapter.9}% 61
\BOOKMARK [2][-]{subsection.9.4.1}{\376\377\256\060\315\010\273\070\310\034}{section.9.4}% 62
\BOOKMARK [2][-]{subsection.9.4.2}{\376\377\307\121\306\251\273\070\310\034}{section.9.4}% 63
\BOOKMARK [2][-]{subsection.9.4.3}{\376\377\263\304\310\004\273\070\310\034}{section.9.4}% 64
\BOOKMARK [0][-]{chapter.10}{\376\377\310\214\324\134\000\040\305\125\315\225}{part.2}% 65
\BOOKMARK [1][-]{section.10.1}{\376\377\254\022\307\130\000\040\274\224\307\004\271\174\000\040\311\004\307\164\256\060}{chapter.10}% 66
\BOOKMARK [1][-]{section.10.2}{\376\377\305\360\302\265\273\070\310\034\000\040\000A}{chapter.10}% 67
\BOOKMARK [1][-]{section.10.3}{\376\377\305\360\302\265\273\070\310\034\000\040\000B}{chapter.10}% 68
\BOOKMARK [2][-]{subsection.10.3.1}{\376\377\256\060\315\010\273\070\310\034}{section.10.3}% 69
\BOOKMARK [2][-]{subsection.10.3.2}{\376\377\307\121\306\251\273\070\310\034}{section.10.3}% 70
\BOOKMARK [2][-]{subsection.10.3.3}{\376\377\263\304\310\004\273\070\310\034}{section.10.3}% 71
\BOOKMARK [0][-]{chapter.11}{\376\377\302\244\307\004\325\121}{part.2}% 72
\BOOKMARK [1][-]{section.11.1}{\376\377\301\040\275\204\000\040\256\070\307\164\000\040\255\154\325\130\256\060}{chapter.11}% 73
\BOOKMARK [1][-]{section.11.2}{\376\377\305\360\302\265\273\070\310\034\000\040\000A}{chapter.11}% 74
\BOOKMARK [1][-]{section.11.3}{\376\377\305\360\302\265\273\070\310\034\000\040\000B}{chapter.11}% 75
\BOOKMARK [2][-]{subsection.11.3.1}{\376\377\256\060\315\010\273\070\310\034}{section.11.3}% 76
\BOOKMARK [2][-]{subsection.11.3.2}{\376\377\307\121\306\251\273\070\310\034}{section.11.3}% 77
\BOOKMARK [2][-]{subsection.11.3.3}{\376\377\263\304\310\004\273\070\310\034}{section.11.3}% 78
\BOOKMARK [0][-]{chapter.12}{\376\377\275\204\325\140\000\040\310\025\274\365}{part.2}% 79
\BOOKMARK [1][-]{section.12.1}{\376\377\262\344\302\334\000\040\274\364\262\224\000\040\274\321\325\151\000\040\310\025\270\054}{chapter.12}% 80
\BOOKMARK [1][-]{section.12.2}{\376\377\254\000\307\245\000\040\254\000\256\114\306\264\000\040\264\120\000\040\310\020\000\040\314\076\256\060}{chapter.12}% 81
\BOOKMARK [1][-]{section.12.3}{\376\377\271\310\302\244\321\060\000\040\310\025\271\254}{chapter.12}% 82
\BOOKMARK [1][-]{section.12.4}{\376\377\305\360\302\265\273\070\310\034\000\040\000A}{chapter.12}% 83
\BOOKMARK [1][-]{section.12.5}{\376\377\305\360\302\265\273\070\310\034\000\040\000B}{chapter.12}% 84
\BOOKMARK [2][-]{subsection.12.5.1}{\376\377\256\060\315\010\273\070\310\034}{section.12.5}% 85
\BOOKMARK [2][-]{subsection.12.5.2}{\376\377\307\121\306\251\273\070\310\034}{section.12.5}% 86
\BOOKMARK [2][-]{subsection.12.5.3}{\376\377\263\304\310\004\273\070\310\034}{section.12.5}% 87
\BOOKMARK [-1][-]{part.3}{\376\377\000I\000I\000I\000\040\307\220\270\314\255\154\310\160\000\040\000\050\000E\000a\000s\000y\000\051}{}% 88
\BOOKMARK [0][-]{chapter.13}{\376\377\305\360\254\260\000\040\271\254\302\244\322\270}{part.3}% 89
\BOOKMARK [0][-]{chapter.14}{\376\377\302\244\320\335}{part.3}% 90
\BOOKMARK [0][-]{chapter.15}{\376\377\320\120}{part.3}% 91
\BOOKMARK [0][-]{chapter.16}{\376\377\263\161}{part.3}% 92
\BOOKMARK [0][-]{chapter.17}{\376\377\327\231}{part.3}% 93
\BOOKMARK [0][-]{chapter.18}{\376\377\307\164\311\304\000\040\322\270\271\254}{part.3}% 94
\BOOKMARK [0][-]{chapter.19}{\376\377\325\164\302\334}{part.3}% 95
\BOOKMARK [0][-]{chapter.20}{\376\377\275\204\271\254\000\040\311\321\325\151}{part.3}% 96
\BOOKMARK [0][-]{chapter.21}{\376\377\327\154\301\214\000\040\274\060\305\364}{part.3}% 97
\BOOKMARK [-1][-]{part.4}{\376\377\000I\000V\000\040\263\331\310\001\254\304\326\215\274\225\000\040\000\050\000E\000a\000s\000y\000\051}{}% 98
\BOOKMARK [0][-]{chapter.22}{\376\377\0001\314\050\306\320\000\040\263\331\310\001\254\304\326\215\274\225}{part.4}% 99
\BOOKMARK [0][-]{chapter.23}{\376\377\274\060\260\255\000\040\273\070\310\034}{part.4}% 100
\BOOKMARK [0][-]{chapter.24}{\376\377\262\344\314\050\306\320\000\040\263\331\310\001\254\304\326\215\274\225}{part.4}% 101
\BOOKMARK [-1][-]{part.5}{\376\377\000V\000\040\255\370\271\254\265\024}{}% 102
\BOOKMARK [0][-]{chapter.25}{\376\377\255\370\271\254\265\024}{part.5}% 103
\BOOKMARK [-1][-]{part.6}{\376\377\000V\000I\000\040\255\370\267\230\325\004\000\040\307\164\270\140}{}% 104
\BOOKMARK [0][-]{chapter.26}{\376\377\255\370\267\230\325\004\000\040\256\060\315\010}{part.6}% 105
\BOOKMARK [1][-]{section.26.1}{\376\377\255\370\267\230\325\004\307\130\000\040\310\025\307\130}{chapter.26}% 106
\BOOKMARK [1][-]{section.26.2}{\376\377\255\370\267\230\325\004\307\130\000\040\324\134\326\004}{chapter.26}% 107
\BOOKMARK [1][-]{section.26.3}{\376\377\272\207\000\040\254\000\311\300\000\040\306\251\305\264\264\344}{chapter.26}% 108
\BOOKMARK [1][-]{section.26.4}{\376\377\305\360\302\265\273\070\310\034\000\040\000A}{chapter.26}% 109
\BOOKMARK [1][-]{section.26.5}{\376\377\305\360\302\265\273\070\310\034\000\040\000B}{chapter.26}% 110
\BOOKMARK [2][-]{subsection.26.5.1}{\376\377\256\060\315\010\273\070\310\034}{section.26.5}% 111
\BOOKMARK [2][-]{subsection.26.5.2}{\376\377\307\121\306\251\273\070\310\034}{section.26.5}% 112
\BOOKMARK [2][-]{subsection.26.5.3}{\376\377\263\304\310\004\273\070\310\034}{section.26.5}% 113
\BOOKMARK [0][-]{chapter.27}{\376\377\255\370\267\230\325\004\307\130\000\040\310\205\271\130}{part.6}% 114
\BOOKMARK [1][-]{section.27.1}{\376\377\255\370\267\230\325\004\307\130\000\040\275\204\271\130}{chapter.27}% 115
\BOOKMARK [2][-]{subsection.27.1.1}{\376\377\274\051\325\245\301\061}{section.27.1}% 116
\BOOKMARK [2][-]{subsection.27.1.2}{\376\377\254\000\311\021\316\130}{section.27.1}% 117
\BOOKMARK [1][-]{section.27.2}{\376\377\322\271\302\030\325\134\000\040\255\370\267\230\325\004}{chapter.27}% 118
\BOOKMARK [1][-]{section.27.3}{\376\377\305\360\302\265\273\070\310\034\000\040\000A}{chapter.27}% 119
\BOOKMARK [1][-]{section.27.4}{\376\377\305\360\302\265\273\070\310\034\000\040\000B}{chapter.27}% 120
\BOOKMARK [2][-]{subsection.27.4.1}{\376\377\256\060\315\010\273\070\310\034}{section.27.4}% 121
\BOOKMARK [2][-]{subsection.27.4.2}{\376\377\307\121\306\251\273\070\310\034}{section.27.4}% 122
\BOOKMARK [2][-]{subsection.27.4.3}{\376\377\263\304\310\004\273\070\310\034}{section.27.4}% 123
\BOOKMARK [0][-]{chapter.28}{\376\377\255\370\267\230\325\004\000\040\320\320\300\311}{part.6}% 124
\BOOKMARK [1][-]{section.28.1}{\376\377\256\112\307\164\000\040\306\260\301\040\000\040\320\320\300\311}{chapter.28}% 125
\BOOKMARK [1][-]{section.28.2}{\376\377\261\010\276\104\000\040\306\260\301\040\000\040\320\320\300\311}{chapter.28}% 126
\BOOKMARK [1][-]{section.28.3}{\376\377\0000\000-\0001\000\040\000B\000F\000S}{chapter.28}% 127
\BOOKMARK [1][-]{section.28.4}{\376\377\305\360\302\265\273\070\310\034\000\040\000A}{chapter.28}% 128
\BOOKMARK [1][-]{section.28.5}{\376\377\305\360\302\265\273\070\310\034\000\040\000B}{chapter.28}% 129
\BOOKMARK [2][-]{subsection.28.5.1}{\376\377\256\060\315\010\273\070\310\034}{section.28.5}% 130
\BOOKMARK [2][-]{subsection.28.5.2}{\376\377\307\121\306\251\273\070\310\034}{section.28.5}% 131
\BOOKMARK [2][-]{subsection.28.5.3}{\376\377\263\304\310\004\273\070\310\034}{section.28.5}% 132
\BOOKMARK [0][-]{chapter.29}{\376\377\315\134\301\214\000\040\302\244\323\050\262\335\000\040\322\270\271\254}{part.6}% 133
\BOOKMARK [1][-]{section.29.1}{\376\377\315\134\301\214\000\040\302\244\323\050\262\335\000\040\322\270\271\254}{chapter.29}% 134
\BOOKMARK [1][-]{section.29.2}{\376\377\000K\000r\000u\000s\000k\000a\000l\000\040\305\114\254\340\271\254\311\230}{chapter.29}% 135
\BOOKMARK [1][-]{section.29.3}{\376\377\000P\000r\000i\000m\000\040\305\114\254\340\271\254\311\230}{chapter.29}% 136
\BOOKMARK [1][-]{section.29.4}{\376\377\305\360\302\265\273\070\310\034\000\040\000A}{chapter.29}% 137
\BOOKMARK [1][-]{section.29.5}{\376\377\305\360\302\265\273\070\310\034\000\040\000B}{chapter.29}% 138
\BOOKMARK [2][-]{subsection.29.5.1}{\376\377\256\060\315\010\273\070\310\034}{section.29.5}% 139
\BOOKMARK [2][-]{subsection.29.5.2}{\376\377\307\121\306\251\273\070\310\034}{section.29.5}% 140
\BOOKMARK [2][-]{subsection.29.5.3}{\376\377\263\304\310\004\273\070\310\034}{section.29.5}% 141
\BOOKMARK [0][-]{chapter.30}{\376\377\307\164\311\021\000\040\305\360\254\260\000\040\306\224\301\214}{part.6}% 142
\BOOKMARK [1][-]{section.30.1}{\376\377\262\350\310\010\310\020}{chapter.30}% 143
\BOOKMARK [1][-]{section.30.2}{\376\377\262\350\310\010\301\040}{chapter.30}% 144
\BOOKMARK [1][-]{section.30.3}{\376\377\307\164\311\021\000\040\305\360\254\260\000\040\306\224\301\214}{chapter.30}% 145
\BOOKMARK [1][-]{section.30.4}{\376\377\276\024\270\135\000-\316\367\000\040\322\270\271\254}{chapter.30}% 146
\BOOKMARK [1][-]{section.30.5}{\376\377\305\360\302\265\273\070\310\034\000\040\000A}{chapter.30}% 147
\BOOKMARK [1][-]{section.30.6}{\376\377\305\360\302\265\273\070\310\034\000\040\000B}{chapter.30}% 148
\BOOKMARK [0][-]{chapter.31}{\376\377\254\025\325\134\000\040\305\360\254\260\000\040\306\224\301\214}{part.6}% 149
\BOOKMARK [0][-]{chapter.32}{\376\377\307\004\300\301\000\040\310\025\270\054}{part.6}% 150
\BOOKMARK [0][-]{chapter.33}{\376\377\262\344\307\165\302\244\322\270\267\174\000\040\305\114\254\340\271\254\311\230}{part.6}% 151
\BOOKMARK [1][-]{section.33.1}{\376\377\273\070\310\034\000\040\310\025\307\130}{chapter.33}% 152
\BOOKMARK [1][-]{section.33.2}{\376\377\262\344\307\165\302\244\322\270\267\174\000\040\305\114\254\340\271\254\311\230}{chapter.33}% 153
\BOOKMARK [2][-]{subsection.33.2.1}{\376\377\000O\000\050\000N\0002\000\051\000\040\255\154\326\004}{section.33.2}% 154
\BOOKMARK [2][-]{subsection.33.2.2}{\376\377\000O\000\050\000M\000\040\000l\000o\000g\000M\000\051\000\040\255\154\326\004}{section.33.2}% 155
\BOOKMARK [1][-]{section.33.3}{\376\377\305\360\302\265\273\070\310\034\000\040\000A}{chapter.33}% 156
\BOOKMARK [1][-]{section.33.4}{\376\377\305\360\302\265\273\070\310\034\000\040\000B}{chapter.33}% 157
\BOOKMARK [2][-]{subsection.33.4.1}{\376\377\256\060\315\010\273\070\310\034}{section.33.4}% 158
\BOOKMARK [2][-]{subsection.33.4.2}{\376\377\307\121\306\251\273\070\310\034}{section.33.4}% 159
\BOOKMARK [2][-]{subsection.33.4.3}{\376\377\263\304\310\004\273\070\310\034}{section.33.4}% 160
\BOOKMARK [0][-]{chapter.34}{\376\377\274\250\271\314\000-\323\354\264\334\000\040\305\114\254\340\271\254\311\230}{part.6}% 161
\BOOKMARK [1][-]{section.34.1}{\376\377\273\070\310\034\000\040\310\025\307\130}{chapter.34}% 162
\BOOKMARK [1][-]{section.34.2}{\376\377\274\250\271\314\000-\323\354\264\334\000\040\305\114\254\340\271\254\311\230}{chapter.34}% 163
\BOOKMARK [1][-]{section.34.3}{\376\377\305\360\302\265\273\070\310\034\000\040\000A}{chapter.34}% 164
\BOOKMARK [1][-]{section.34.4}{\376\377\305\360\302\265\273\070\310\034\000\040\000B}{chapter.34}% 165
\BOOKMARK [2][-]{subsection.34.4.1}{\376\377\256\060\315\010\273\070\310\034}{section.34.4}% 166
\BOOKMARK [2][-]{subsection.34.4.2}{\376\377\307\121\306\251\273\070\310\034}{section.34.4}% 167
\BOOKMARK [2][-]{subsection.34.4.3}{\376\377\263\304\310\004\273\070\310\034}{section.34.4}% 168
\BOOKMARK [0][-]{chapter.35}{\376\377\325\014\270\134\307\164\264\334\000-\306\314\301\134\000\040\305\114\254\340\271\254\311\230}{part.6}% 169
\BOOKMARK [1][-]{section.35.1}{\376\377\273\070\310\034\000\040\310\025\307\130}{chapter.35}% 170
\BOOKMARK [1][-]{section.35.2}{\376\377\325\014\270\134\307\164\264\334\000-\306\314\301\134\000\040\305\114\254\340\271\254\311\230}{chapter.35}% 171
\BOOKMARK [1][-]{section.35.3}{\376\377\305\360\302\265\273\070\310\034\000\040\000A}{chapter.35}% 172
\BOOKMARK [1][-]{section.35.4}{\376\377\305\360\302\265\273\070\310\034\000\040\000B}{chapter.35}% 173
\BOOKMARK [2][-]{subsection.35.4.1}{\376\377\256\060\315\010\273\070\310\034}{section.35.4}% 174
\BOOKMARK [2][-]{subsection.35.4.2}{\376\377\307\121\306\251\273\070\310\034}{section.35.4}% 175
\BOOKMARK [2][-]{subsection.35.4.3}{\376\377\263\304\310\004\273\070\310\034}{section.35.4}% 176
\BOOKMARK [-1][-]{part.7}{\376\377\000V\000I\000I\000\040\322\270\271\254\000\040\305\114\254\340\271\254\311\230}{}% 177
\BOOKMARK [0][-]{chapter.36}{\376\377\322\270\271\254\000\040\256\060\315\010}{part.7}% 178
\BOOKMARK [0][-]{chapter.37}{\376\377\322\270\271\254\000\040\320\320\300\311}{part.7}% 179
\BOOKMARK [0][-]{chapter.38}{\376\377\315\134\301\214\000\040\254\365\321\265\000\040\310\160\300\301}{part.7}% 180
\BOOKMARK [0][-]{chapter.39}{\376\377\306\044\307\174\267\354\000\040\322\054\305\264\000\040\321\114\320\154\262\311}{part.7}% 181
\BOOKMARK [0][-]{chapter.40}{\376\377\301\074\322\270\270\134\307\164\264\334}{part.7}% 182
\BOOKMARK [0][-]{chapter.41}{\376\377\000H\000e\000a\000v\000y\000-\000L\000i\000g\000h\000t\000\040\275\204\325\140}{part.7}% 183
\BOOKMARK [0][-]{chapter.42}{\376\377\322\270\271\254\305\320\301\034\307\130\000\040\263\331\310\001\254\304\326\215\274\225}{part.7}% 184
\BOOKMARK [0][-]{chapter.43}{\376\377\307\221\307\100\000\040\311\321\325\151\305\320\301\034\000\040\320\160\000\040\311\321\325\151\307\074\270\134\000\040\325\151\316\130\262\224\000\040\321\114\320\154\262\311}{part.7}% 185
\BOOKMARK [-1][-]{part.8}{\376\377\000V\000I\000I\000I\000\040\307\220\270\314\255\154\310\160\000\040\000\050\000H\000a\000r\000d\000\051}{}% 186
\BOOKMARK [0][-]{chapter.44}{\376\377\310\034\254\361\255\374\000\040\275\204\325\140}{part.8}% 187
\BOOKMARK [0][-]{chapter.45}{\376\377\000m\000o\000'\000s}{part.8}% 188
\BOOKMARK [0][-]{chapter.46}{\376\377\301\070\255\370\272\074\322\270\000\040\322\270\271\254}{part.8}% 189
\BOOKMARK [0][-]{chapter.47}{\376\377\262\220\271\254\254\214\000\040\254\061\302\340\264\030\262\224\000\040\301\070\255\370\272\074\322\270\000\040\322\270\271\254}{part.8}% 190
\BOOKMARK [0][-]{chapter.48}{\376\377\274\024\307\164\261\010\271\254\000\040\307\170\263\161\302\244\000\040\322\270\271\254}{part.8}% 191
\BOOKMARK [0][-]{chapter.49}{\376\377\272\070\311\300\000\040\301\214\322\270\000\040\322\270\271\254}{part.8}% 192
\BOOKMARK [0][-]{chapter.50}{\376\377\262\344\314\050\306\320\000\040\301\070\255\370\272\074\322\270\000\040\322\270\271\254}{part.8}% 193
\BOOKMARK [0][-]{chapter.51}{\376\377\323\174\302\334\302\244\321\064\322\270\000\040\301\070\255\370\272\074\322\270\000\040\322\270\271\254}{part.8}% 194
\BOOKMARK [0][-]{chapter.52}{\376\377\302\244\325\014\270\010\307\164\000\040\322\270\271\254}{part.8}% 195
\BOOKMARK [0][-]{chapter.53}{\376\377\271\301\320\154\000/\316\367\000\040\322\270\271\254}{part.8}% 196
\BOOKMARK [0][-]{chapter.54}{\376\377\306\044\325\004\267\174\307\170\000\040\263\331\310\001\000\040\305\360\254\260\301\061}{part.8}% 197
\BOOKMARK [-1][-]{part.9}{\376\377\000I\000X\000\040\263\331\310\001\254\304\326\215\274\225\000\040\000\050\000H\000a\000r\000d\000\051}{}% 198
\BOOKMARK [0][-]{chapter.55}{\376\377\276\104\322\270\325\104\264\334\271\174\000\040\307\164\306\251\325\134\000\040\263\331\310\001\254\304\326\215\274\225}{part.9}% 199
\BOOKMARK [0][-]{chapter.56}{\376\377\274\374\270\135\000\040\256\315\311\310\307\104\000\040\307\164\306\251\325\134\000\040\263\331\310\001\254\304\326\215\274\225\000\040\315\134\310\001\326\124}{part.9}% 200
\BOOKMARK [0][-]{chapter.57}{\376\377\275\204\325\140\000\040\310\025\274\365\307\104\000\040\307\164\306\251\325\134\000\040\263\331\310\001\254\304\326\215\274\225\000\040\315\134\310\001\326\124}{part.9}% 201
\BOOKMARK [0][-]{chapter.58}{\376\377\262\350\310\160\000\040\320\120\271\174\000\040\307\164\306\251\325\134\000\040\263\331\310\001\254\304\326\215\274\225\000\040\315\134\310\001\326\124}{part.9}% 202
\BOOKMARK [0][-]{chapter.59}{\376\377\316\344\261\045\301\130\000\040\325\004\270\134\323\014\307\174\307\104\000\040\307\164\306\251\325\134\000\040\263\331\310\001\254\304\326\215\274\225}{part.9}% 203
\BOOKMARK [0][-]{chapter.60}{\376\377\000K\000n\000u\000t\000h\000\040\315\134\310\001\326\124}{part.9}% 204
\BOOKMARK [0][-]{chapter.61}{\376\377\000A\000l\000i\000e\000n\000s\000\040\322\270\271\255}{part.9}% 205
\BOOKMARK [0][-]{chapter.62}{\376\377\000S\000l\000o\000p\000e\000\040\322\270\271\255}{part.9}% 206
\BOOKMARK [0][-]{chapter.63}{\376\377\000H\000i\000r\000s\000c\000h\000b\000u\000r\000g\000\040\305\114\254\340\271\254\311\230}{part.9}% 207
\BOOKMARK [0][-]{chapter.64}{\376\377\274\214\271\254\316\240\325\004\000-\271\344\302\334}{part.9}% 208
\BOOKMARK [0][-]{chapter.65}{\376\377\320\244\320\300\271\310\300\254\274\225}{part.9}% 209
\BOOKMARK [-1][-]{part.10}{\376\377\000X\000\040\273\070\307\220\305\364}{}% 210
\BOOKMARK [0][-]{chapter.66}{\376\377\000K\000M\000P}{part.10}% 211
\BOOKMARK [0][-]{chapter.67}{\376\377\305\104\326\070\000-\317\124\267\174\302\335}{part.10}% 212
\BOOKMARK [0][-]{chapter.68}{\376\377\322\270\267\174\307\164}{part.10}% 213
\BOOKMARK [0][-]{chapter.69}{\376\377\310\021\273\370\300\254\000\040\274\060\305\364\254\374\000\040\000L\000C\000P\000\040\274\060\305\364}{part.10}% 214
\BOOKMARK [-1][-]{part.11}{\376\377\000X\000I\000\040\256\060\325\130}{}% 215
\BOOKMARK [0][-]{chapter.70}{\376\377\301\040\275\204\000\040\255\120\314\050\000\040\323\020\310\025}{part.11}% 216
\BOOKMARK [0][-]{chapter.71}{\376\377\274\374\270\135\000\040\256\315\311\310}{part.11}% 217
\BOOKMARK [0][-]{chapter.72}{\376\377\326\214\310\004\325\130\262\224\000\040\317\010\271\254\323\174\302\244}{part.11}% 218
\BOOKMARK [-1][-]{part.12}{\376\377\000X\000I\000I\000\040\261\044\322\270\306\314\320\154\000\040\325\014\270\134\306\260}{}% 219
\BOOKMARK [0][-]{chapter.73}{\376\377\307\164\275\204\000\040\271\344\316\155}{part.12}% 220
\BOOKMARK [0][-]{chapter.74}{\376\377\315\134\263\000\000\040\307\040\267\311}{part.12}% 221
\BOOKMARK [0][-]{chapter.75}{\376\377\315\134\301\214\000\040\276\104\306\251\000\040\315\134\263\000\000\040\307\040\267\311}{part.12}% 222
\BOOKMARK [0][-]{chapter.76}{\376\377\315\134\263\000\000\040\307\040\267\311\000\040\315\134\301\214\000\040\316\367\000\040\310\025\271\254}{part.12}% 223
\BOOKMARK [-1][-]{part.13}{\376\377\000X\000I\000I\000I\000\040\302\030\325\131}{}% 224
\BOOKMARK [0][-]{chapter.77}{\376\377\254\214\307\204\000\040\307\164\270\140}{part.13}% 225
\BOOKMARK [0][-]{chapter.78}{\376\377\301\214\302\030\000\040\323\020\310\025\000\040\274\017\000\040\301\214\307\170\302\030\275\204\325\164}{part.13}% 226
\BOOKMARK [0][-]{chapter.79}{\376\377\272\250\264\310\267\354\000\040\254\361\301\110\000\040\305\355\306\320}{part.13}% 227
\BOOKMARK [0][-]{chapter.80}{\376\377\311\021\255\155\307\170\307\130\000\040\260\230\272\070\311\300\000\040\310\025\271\254}{part.13}% 228
\BOOKMARK [0][-]{chapter.81}{\376\377\326\125\307\245\000\040\307\040\320\164\271\254\264\334\000\040\326\070\310\034\274\225}{part.13}% 229
\BOOKMARK [0][-]{chapter.82}{\376\377\254\340\301\215\000\040\324\170\271\254\305\320\000\040\274\300\326\130}{part.13}% 230
